Archive member included because of file (symbol)

/usr/local/xenon/usr/lib/libxenon.a(startup_from_xell.o)
                              (_start)
/usr/local/xenon/usr/lib/libxenon.a(console.o)
                              main.o (console_clrscr)
/usr/local/xenon/usr/lib/libxenon.a(newlib.o)
                              /usr/local/xenon/usr/lib/libxenon.a(console.o) (stdout_hook)
/usr/local/xenon/usr/lib/libxenon.a(atomic.o)
                              /usr/local/xenon/usr/lib/libxenon.a(startup_from_xell.o) (atomic_clearset)
/usr/local/xenon/usr/lib/libxenon.a(cache.o)
                              /usr/local/xenon/usr/lib/libxenon.a(console.o) (memdcbst)
/usr/local/xenon/usr/lib/libxenon.a(except.o)
                              (exc_base)
/usr/local/xenon/usr/lib/libxenon.a(c_except.o)
                              /usr/local/xenon/usr/lib/libxenon.a(except.o) (crashdump)
/usr/local/xenon/usr/lib/libxenon.a(vm.o)
                              /usr/local/xenon/usr/lib/libxenon.a(except.o) (vm_segfault_handler)
/usr/local/xenon/usr/lib/libxenon.a(usbmain.o)
                              /usr/local/xenon/usr/lib/libxenon.a(newlib.o) (usb_shutdown)
/usr/local/xenon/usr/lib/libxenon.a(tinyehci.o)
                              /usr/local/xenon/usr/lib/libxenon.a(usbmain.o) (USBStorage_Init)
/usr/local/xenon/usr/lib/libxenon.a(xenon_smc.o)
                              /usr/local/xenon/usr/lib/libxenon.a(newlib.o) (xenon_smc_send_message)
/usr/local/xenon/usr/lib/libxenon.a(xenon_power.o)
                              /usr/local/xenon/usr/lib/libxenon.a(newlib.o) (xenon_is_thread_task_running)
/usr/local/xenon/usr/lib/libxenon.a(xenon_uart.o)
                              /usr/local/xenon/usr/lib/libxenon.a(newlib.o) (putch)
/usr/local/xenon/usr/lib/libxenon.a(xenon_config.o)
                              /usr/local/xenon/usr/lib/libxenon.a(xenon_power.o) (xenon_config_init)
/usr/local/xenon/usr/lib/libxenon.a(xenos.o)
                              main.o (xenos_init)
/usr/local/xenon/usr/lib/libxenon.a(xenos_edid.o)
                              /usr/local/xenon/usr/lib/libxenon.a(xenos.o) (xenos_get_edid)
/usr/local/xenon/usr/lib/libxenon.a(enet.o)
                              /usr/local/xenon/usr/lib/libxenon.a(newlib.o) (enet_quiesce)
/usr/local/xenon/usr/lib/libxenon.a(diskio.o)
                              /usr/local/xenon/usr/lib/libxenon.a(tinyehci.o) (register_bdev)
/usr/local/xenon/usr/lib/libxenon.a(fat.o)
                              /usr/local/xenon/usr/lib/libxenon.a(diskio.o) (vfs_fat_mount_ops)
/usr/local/xenon/usr/lib/libxenon.a(fat_rb.o)
                              /usr/local/xenon/usr/lib/libxenon.a(fat.o) (fat_init)
/usr/local/xenon/usr/lib/libxenon.a(file_rb.o)
                              /usr/local/xenon/usr/lib/libxenon.a(fat.o) (rb_close)
/usr/local/xenon/usr/lib/libxenon.a(dir_rb.o)
                              /usr/local/xenon/usr/lib/libxenon.a(fat.o) (rb_opendir)
/usr/local/xenon/usr/lib/libxenon.a(iso9660.o)
                              /usr/local/xenon/usr/lib/libxenon.a(diskio.o) (vfs_iso9660_mount_ops)
/usr/local/xenon/usr/lib/libxenon.a(lib_malloc.o)
                              /usr/local/xenon/usr/lib/libxenon.a(usbmain.o) (kmem_init)
/usr/local/xenon/usr/lib/libxenon.a(io.o)
                              /usr/local/xenon/usr/lib/libxenon.a(usbmain.o) (read32)
/usr/local/xenon/usr/lib/libxenon.a(time.o)
                              /usr/local/xenon/usr/lib/libxenon.a(xenon_power.o) (udelay)
/usr/local/xenon/usr/lib/libxenon.a(ohci.o)
                              /usr/local/xenon/usr/lib/libxenon.a(usbmain.o) (ohci_driver)
/usr/local/xenon/usr/lib/libxenon.a(usbd.o)
                              /usr/local/xenon/usr/lib/libxenon.a(usbmain.o) (usb_poll)
/usr/local/xenon/usr/lib/libxenon.a(usbdevs.o)
                              /usr/local/xenon/usr/lib/libxenon.a(usbd.o) (usb_find_driver)
/usr/local/xenon/usr/lib/libxenon.a(usbhid.o)
                              /usr/local/xenon/usr/lib/libxenon.a(usbdevs.o) (usbhid_driver)
/usr/local/xenon/usr/lib/libxenon.a(usbhub.o)
                              /usr/local/xenon/usr/lib/libxenon.a(usbd.o) (usb_scan)
/usr/local/xenon/usr/lib/libxenon.a(usb_os.o)
                              /usr/local/xenon/usr/lib/libxenon.a(tinyehci.o) (ehci_maligned)
/usr/local/xenon/usr/lib/libxenon.a(unicode_rb.o)
                              /usr/local/xenon/usr/lib/libxenon.a(fat_rb.o) (utf8encode)
/usr/local/xenon/usr/lib/libxenon.a(xenon_gpio.o)
                              /usr/local/xenon/usr/lib/libxenon.a(enet.o) (xenon_gpio_control)
/usr/local/xenon/usr/lib/libxenon.a(cpusleep.o)
                              /usr/local/xenon/usr/lib/libxenon.a(xenon_power.o) (cpusleep)
/usr/local/xenon/usr/lib/libxenon.a(xenon_sfcx.o)
                              /usr/local/xenon/usr/lib/libxenon.a(xenon_config.o) (sfcx_read_page)
/usr/local/xenon/usr/lib/libxenon.a(mem.o)
[...]
Memory Configuration

Name             Origin             Length             Attributes
*default*        0x0000000000000000 0xffffffffffffffff

Linker script and memory map

LOAD /usr/local/xenon/lib/gcc/xenon/4.6.1/../../../../xenon/lib/../lib/crt1.o
LOAD /usr/local/xenon/lib/gcc/xenon/4.6.1/../../../../xenon/lib/../lib/crti.o
LOAD /usr/local/xenon/lib/gcc/xenon/4.6.1/32/crtbegin.o
LOAD main.o
LOAD /usr/local/xenon/usr/lib/libxenon.a
LOAD /usr/local/xenon/xenon/lib/32/libm.a
LOAD /usr/local/xenon/lib/gcc/xenon/4.6.1/32/libgcc.a
LOAD /usr/local/xenon/xenon/lib/32/libc.a
LOAD /usr/local/xenon/lib/gcc/xenon/4.6.1/32/libgcc.a
LOAD /usr/local/xenon/lib/gcc/xenon/4.6.1/32/crtend.o
LOAD /usr/local/xenon/lib/gcc/xenon/4.6.1/../../../../xenon/lib/../lib/crtn.o
                0x0000000080000000                . = 0x80000000

.text           0x0000000080000000    0x14aa8
 *(.except*)
 .except        0x0000000080000000     0x1e1c /usr/local/xenon/usr/lib/libxenon.a(except.o)
                0x0000000080000000                secondary_lock
                0x0000000080000000                exc_base
                0x0000000080000004                secondary_alive
 *(.pagetable)
 .pagetable     0x0000000080001e1c       0x40 /usr/local/xenon/usr/lib/libxenon.a(vm.o)
                0x0000000080001e1c                pagetable
                0x0000000080001e5c                pagetable_end = .
 *(.text*)
 .text.call_ctors
                0x0000000080001e5c       0x48 /usr/local/xenon/lib/gcc/xenon/4.6.1/../../../../xenon/lib/../lib/crt1.o
                0x0000000080001e5c                call_ctors
 .text.c_register_frame
                0x0000000080001ea4       0x28 /usr/local/xenon/lib/gcc/xenon/4.6.1/../../../../xenon/lib/../lib/crt1.o
                0x0000000080001ea4                c_register_frame
 *fill*         0x0000000080001ecc        0x4 00
 .text.videoInit
                0x0000000080001ed0       0x28 main.o
                0x0000000080001ed0                videoInit
 .text.checkIsELF
                0x0000000080001ef8       0x5c main.o
                0x0000000080001ef8                checkIsELF
 *fill*         0x0000000080001f54        0x4 00
 .text.startup.main
                0x0000000080001f58       0xa0 main.o
                0x0000000080001f58                main
 *fill*         0x0000000080001ff8        0x8 00
 .text          0x0000000080002000      0x2fc /usr/local/xenon/usr/lib/libxenon.a(startup_from_xell.o)
                0x0000000080002000                _start
                0x0000000080002200                wait
                0x0000000080002288                return_to_xell
 .text.console_pset32
                0x00000000800022fc       0x54 /usr/local/xenon/usr/lib/libxenon.a(console.o)
 .text.console_clrscr
                0x0000000080002350       0x80 /usr/local/xenon/usr/lib/libxenon.a(console.o)
                0x0000000080002350                console_clrscr
 .text.console_newline
                0x00000000800023d0       0xe8 /usr/local/xenon/usr/lib/libxenon.a(console.o)
                0x00000000800023d0                console_newline
 .text.console_putch
                0x00000000800024b8      0x120 /usr/local/xenon/usr/lib/libxenon.a(console.o)
                0x00000000800024b8                console_putch
 .text.console_stdout_hook
                0x00000000800025d8       0x40 /usr/local/xenon/usr/lib/libxenon.a(console.o)
 .text.console_init
                0x0000000080002618      0x13c /usr/local/xenon/usr/lib/libxenon.a(console.o)
                0x0000000080002618                console_init
 .text.console_set_colors
                0x0000000080002754       0x14 /usr/local/xenon/usr/lib/libxenon.a(console.o)
                0x0000000080002754                console_set_colors
 .text.vfs_console_isatty
                0x0000000080002768        0x8 /usr/local/xenon/usr/lib/libxenon.a(newlib.o)
                0x0000000080002768                vfs_console_isatty
 .text.is_valid_and_open_fd
                0x0000000080002770       0x34 /usr/local/xenon/usr/lib/libxenon.a(newlib.o)
 .text.vfs_console_write
                0x00000000800027a4       0x64 /usr/local/xenon/usr/lib/libxenon.a(newlib.o)
                0x00000000800027a4                vfs_console_write
 .text.sbrk     0x0000000080002808       0x30 /usr/local/xenon/usr/lib/libxenon.a(newlib.o)
                0x0000000080002808                sbrk
 .text.write    0x0000000080002838       0x84 /usr/local/xenon/usr/lib/libxenon.a(newlib.o)
                0x0000000080002838                write
 .text.close    0x00000000800028bc       0x68 /usr/local/xenon/usr/lib/libxenon.a(newlib.o)
                0x00000000800028bc                close
 .text.fstat    0x0000000080002924       0x70 /usr/local/xenon/usr/lib/libxenon.a(newlib.o)
                0x0000000080002924                fstat
 .text.isatty   0x0000000080002994       0x60 /usr/local/xenon/usr/lib/libxenon.a(newlib.o)
                0x0000000080002994                isatty
 .text.lseek    0x00000000800029f4       0x70 /usr/local/xenon/usr/lib/libxenon.a(newlib.o)
                0x00000000800029f4                lseek
 .text.read     0x0000000080002a64       0x70 /usr/local/xenon/usr/lib/libxenon.a(newlib.o)
                0x0000000080002a64                read
 .text.shutdown_drivers
                0x0000000080002ad4       0x24 /usr/local/xenon/usr/lib/libxenon.a(newlib.o)
                0x0000000080002ad4                shutdown_drivers
 .text.try_return_to_xell
                0x0000000080002af8       0x50 /usr/local/xenon/usr/lib/libxenon.a(newlib.o)
                0x0000000080002af8                try_return_to_xell
 .text._exit    0x0000000080002b48      0x154 /usr/local/xenon/usr/lib/libxenon.a(newlib.o)
                0x0000000080002b48                _exit
 .text.getpid   0x0000000080002c9c        0x8 /usr/local/xenon/usr/lib/libxenon.a(newlib.o)
                0x0000000080002c9c                getpid
 .text.kill     0x0000000080002ca4        0x8 /usr/local/xenon/usr/lib/libxenon.a(newlib.o)
                0x0000000080002ca4                kill
 .text          0x0000000080002cac       0x84 /usr/local/xenon/usr/lib/libxenon.a(atomic.o)
                0x0000000080002cac                atomic_inc
                0x0000000080002cc0                atomic_dec
                0x0000000080002cd4                atomic_clearset
                0x0000000080002cec                lock
                0x0000000080002d20                unlock
 .text          0x0000000080002d30       0xa8 /usr/local/xenon/usr/lib/libxenon.a(cache.o)
                0x0000000080002d30                memdcbt
                0x0000000080002d58                memdcbst
                0x0000000080002d80                memdcbf
                0x0000000080002da8                memicbi
 .text.flush_console
                0x0000000080002dd8       0x4c /usr/local/xenon/usr/lib/libxenon.a(c_except.o)
 .text.crashdump
                0x0000000080002e24      0x2bc /usr/local/xenon/usr/lib/libxenon.a(c_except.o)
                0x0000000080002e24                crashdump
 .text.usb_shutdown
                0x00000000800030e0       0xb4 /usr/local/xenon/usr/lib/libxenon.a(usbmain.o)
                0x00000000800030e0                usb_shutdown
 .text.xenon_smc_send_message
                0x0000000080003194       0x98 /usr/local/xenon/usr/lib/libxenon.a(xenon_smc.o)
                0x0000000080003194                xenon_smc_send_message
 .text.xenon_smc_receive_message
                0x000000008000322c       0x80 /usr/local/xenon/usr/lib/libxenon.a(xenon_smc.o)
                0x000000008000322c                xenon_smc_receive_message
 .text.xenon_smc_handle_bulk
                0x00000000800032ac       0x90 /usr/local/xenon/usr/lib/libxenon.a(xenon_smc.o)
                0x00000000800032ac                xenon_smc_handle_bulk
 .text.xenon_smc_receive_response
                0x000000008000333c       0x48 /usr/local/xenon/usr/lib/libxenon.a(xenon_smc.o)
                0x000000008000333c                xenon_smc_receive_response
 .text.xenon_smc_ana_write
                0x0000000080003384       0x9c /usr/local/xenon/usr/lib/libxenon.a(xenon_smc.o)
                0x0000000080003384                xenon_smc_ana_write
 .text.xenon_smc_ana_read
                0x0000000080003420       0xc0 /usr/local/xenon/usr/lib/libxenon.a(xenon_smc.o)
                0x0000000080003420                xenon_smc_ana_read
 .text.xenon_smc_i2c_ddc_lock
                0x00000000800034e0       0x78 /usr/local/xenon/usr/lib/libxenon.a(xenon_smc.o)
                0x00000000800034e0                xenon_smc_i2c_ddc_lock
 .text.xenon_smc_i2c_write
                0x0000000080003558       0xb0 /usr/local/xenon/usr/lib/libxenon.a(xenon_smc.o)
                0x0000000080003558                xenon_smc_i2c_write
 .text.xenon_smc_i2c_read
                0x0000000080003608       0xc8 /usr/local/xenon/usr/lib/libxenon.a(xenon_smc.o)
                0x0000000080003608                xenon_smc_i2c_read
 .text.xenon_smc_power_shutdown
                0x00000000800036d0       0x40 /usr/local/xenon/usr/lib/libxenon.a(xenon_smc.o)
                0x00000000800036d0                xenon_smc_power_shutdown
 .text.xenon_smc_power_reboot
                0x0000000080003710       0x48 /usr/local/xenon/usr/lib/libxenon.a(xenon_smc.o)
                0x0000000080003710                xenon_smc_power_reboot
 .text.xenon_smc_read_avpack
                0x0000000080003758       0x48 /usr/local/xenon/usr/lib/libxenon.a(xenon_smc.o)
                0x0000000080003758                xenon_smc_read_avpack
 .text.prepare_sleep
                0x00000000800037a0       0x70 /usr/local/xenon/usr/lib/libxenon.a(xenon_power.o)
                0x00000000800037a0                prepare_sleep
 .text.xenon_thread_sleep
                0x0000000080003810       0x5c /usr/local/xenon/usr/lib/libxenon.a(xenon_power.o)
                0x0000000080003810                xenon_thread_sleep
 .text.xenon_run_thread_task
                0x000000008000386c       0x38 /usr/local/xenon/usr/lib/libxenon.a(xenon_power.o)
                0x000000008000386c                xenon_run_thread_task
 .text.xenon_is_thread_task_running
                0x00000000800038a4       0x20 /usr/local/xenon/usr/lib/libxenon.a(xenon_power.o)
                0x00000000800038a4                xenon_is_thread_task_running
 .text.xenon_thread_startup
                0x00000000800038c4       0x4c /usr/local/xenon/usr/lib/libxenon.a(xenon_power.o)
                0x00000000800038c4                xenon_thread_startup
 .text.xenon_set_single_thread_mode
                0x0000000080003910       0x94 /usr/local/xenon/usr/lib/libxenon.a(xenon_power.o)
                0x0000000080003910                xenon_set_single_thread_mode
 .text.putch    0x00000000800039a4       0x58 /usr/local/xenon/usr/lib/libxenon.a(xenon_uart.o)
                0x00000000800039a4                putch
 .text.kbhit    0x00000000800039fc       0x24 /usr/local/xenon/usr/lib/libxenon.a(xenon_uart.o)
                0x00000000800039fc                kbhit
 .text.getch    0x0000000080003a20       0x38 /usr/local/xenon/usr/lib/libxenon.a(xenon_uart.o)
                0x0000000080003a20                getch
 .text.xenon_config_init
                0x0000000080003a58       0xa0 /usr/local/xenon/usr/lib/libxenon.a(xenon_config.o)
                0x0000000080003a58                xenon_config_init
 .text.xenon_config_get_avregion
                0x0000000080003af8       0x94 /usr/local/xenon/usr/lib/libxenon.a(xenon_config.o)
                0x0000000080003af8                xenon_config_get_avregion
 .text.xenos_write32
                0x0000000080003b8c       0x24 /usr/local/xenon/usr/lib/libxenon.a(xenos.o)
                0x0000000080003b8c                xenos_write32
 .text.xenos_read32
                0x0000000080003bb0       0x24 /usr/local/xenon/usr/lib/libxenon.a(xenos.o)
                0x0000000080003bb0                xenos_read32
 .text.xenos_ana_write
                0x0000000080003bd4       0x60 /usr/local/xenon/usr/lib/libxenon.a(xenos.o)
 .text.xenos_init_ana_new
                0x0000000080003c34      0x334 /usr/local/xenon/usr/lib/libxenon.a(xenos.o)
                0x0000000080003c34                xenos_init_ana_new
 .text.xenos_init_phase0
                0x0000000080003f68       0x98 /usr/local/xenon/usr/lib/libxenon.a(xenos.o)
                0x0000000080003f68                xenos_init_phase0
 .text.xenos_init_phase1
                0x0000000080004000      0x3b0 /usr/local/xenon/usr/lib/libxenon.a(xenos.o)
                0x0000000080004000                xenos_init_phase1
 .text.xenos_ana_preinit
                0x00000000800043b0       0xd0 /usr/local/xenon/usr/lib/libxenon.a(xenos.o)
                0x00000000800043b0                xenos_ana_preinit
 .text.xenos_set_mode_f1
                0x0000000080004480      0x148 /usr/local/xenon/usr/lib/libxenon.a(xenos.o)
                0x0000000080004480                xenos_set_mode_f1
 .text.xenos_set_mode_f2
                0x00000000800045c8      0x304 /usr/local/xenon/usr/lib/libxenon.a(xenos.o)
                0x00000000800045c8                xenos_set_mode_f2
 .text.xenos_set_mode
                0x00000000800048cc      0x348 /usr/local/xenon/usr/lib/libxenon.a(xenos.o)
                0x00000000800048cc                xenos_set_mode
 .text.xenos_autoset_mode
                0x0000000080004c14      0x110 /usr/local/xenon/usr/lib/libxenon.a(xenos.o)
                0x0000000080004c14                xenos_autoset_mode
 .text.xenos_init
                0x0000000080004d24       0xe4 /usr/local/xenon/usr/lib/libxenon.a(xenos.o)
                0x0000000080004d24                xenos_init
 .text.xenos_is_overscan
                0x0000000080004e08       0x50 /usr/local/xenon/usr/lib/libxenon.a(xenos.o)
                0x0000000080004e08                xenos_is_overscan
 .text.xenos_do_probe_ddc_edid
                0x0000000080004e58      0x1a0 /usr/local/xenon/usr/lib/libxenon.a(xenos_edid.o)
                0x0000000080004e58                xenos_do_probe_ddc_edid
 .text.xenos_ddc_read_edid
                0x0000000080004ff8      0x178 /usr/local/xenon/usr/lib/libxenon.a(xenos_edid.o)
 .text.xenos_get_edid
                0x0000000080005170       0xa4 /usr/local/xenon/usr/lib/libxenon.a(xenos_edid.o)
                0x0000000080005170                xenos_get_edid
 .text.xenos_detect_hdmi_monitor
                0x0000000080005214       0xe4 /usr/local/xenon/usr/lib/libxenon.a(xenos_edid.o)
                0x0000000080005214                xenos_detect_hdmi_monitor
 .text.enet_quiesce
                0x00000000800052f8       0x3c /usr/local/xenon/usr/lib/libxenon.a(enet.o)
                0x00000000800052f8                enet_quiesce
 .text.read32   0x0000000080005334        0x8 /usr/local/xenon/usr/lib/libxenon.a(io.o)
                0x0000000080005334                read32
 .text.read32n  0x000000008000533c        0x8 /usr/local/xenon/usr/lib/libxenon.a(io.o)
                0x000000008000533c                read32n
 .text.write32  0x0000000080005344        0x8 /usr/local/xenon/usr/lib/libxenon.a(io.o)
                0x0000000080005344                write32
 .text.write32n
                0x000000008000534c        0x8 /usr/local/xenon/usr/lib/libxenon.a(io.o)
                0x000000008000534c                write32n
 .text.tdelay   0x0000000080005354       0x48 /usr/local/xenon/usr/lib/libxenon.a(time.o)
 .text.udelay   0x000000008000539c       0x24 /usr/local/xenon/usr/lib/libxenon.a(time.o)
                0x000000008000539c                udelay
 .text.delay    0x00000000800053c0       0x18 /usr/local/xenon/usr/lib/libxenon.a(time.o)
                0x00000000800053c0                delay
 .text.xenon_gpio_set_oe
                0x00000000800053d8       0x44 /usr/local/xenon/usr/lib/libxenon.a(xenon_gpio.o)
                0x00000000800053d8                xenon_gpio_set_oe
 .text.xenon_gpio_set
                0x000000008000541c       0x44 /usr/local/xenon/usr/lib/libxenon.a(xenon_gpio.o)
                0x000000008000541c                xenon_gpio_set
 .text          0x0000000080005460       0x3c /usr/local/xenon/usr/lib/libxenon.a(cpusleep.o)
                0x0000000080005460                cpusleep
 .text.sfcx_read_page
                0x000000008000549c      0x148 /usr/local/xenon/usr/lib/libxenon.a(xenon_sfcx.o)
                0x000000008000549c                sfcx_read_page
 .text.sfcx_init
                0x00000000800055e4      0x2b0 /usr/local/xenon/usr/lib/libxenon.a(xenon_sfcx.o)
                0x00000000800055e4                sfcx_init
 .text          0x0000000080005894       0x4c /usr/local/xenon/lib/gcc/xenon/4.6.1/32/libgcc.a(crtsavgpr.o)
                0x0000000080005894                _savegpr_14
                0x0000000080005898                _savegpr_15
                0x000000008000589c                _savegpr_16
                0x00000000800058a0                _savegpr_17
                0x00000000800058a4                _savegpr_18
                0x00000000800058a8                _savegpr_19
                0x00000000800058ac                _savegpr_20
                0x00000000800058b0                _savegpr_21
                0x00000000800058b4                _savegpr_22
                0x00000000800058b8                _savegpr_23
                0x00000000800058bc                _savegpr_24
                0x00000000800058c0                _savegpr_25
                0x00000000800058c4                _savegpr_26
                0x00000000800058c8                _savegpr_27
                0x00000000800058cc                _savegpr_28
                0x00000000800058d0                _savegpr_29
                0x00000000800058d4                _savegpr_30
                0x00000000800058d8                _savegpr_31
 .text          0x00000000800058e0       0x58 /usr/local/xenon/lib/gcc/xenon/4.6.1/32/libgcc.a(crtresxgpr.o)
                0x00000000800058e0                _restgpr_14_x
                0x00000000800058e4                _restgpr_15_x
                0x00000000800058e8                _restgpr_16_x
                0x00000000800058ec                _restgpr_17_x
                0x00000000800058f0                _restgpr_18_x
                0x00000000800058f4                _restgpr_19_x
                0x00000000800058f8                _restgpr_20_x
                0x00000000800058fc                _restgpr_21_x
                0x0000000080005900                _restgpr_22_x
                0x0000000080005904                _restgpr_23_x
                0x0000000080005908                _restgpr_24_x
                0x000000008000590c                _restgpr_25_x
                0x0000000080005910                _restgpr_26_x
                0x0000000080005914                _restgpr_27_x
                0x0000000080005918                _restgpr_28_x
                0x000000008000591c                _restgpr_29_x
                0x0000000080005920                _restgpr_30_x
                0x0000000080005924                _restgpr_31_x
 .text          0x0000000080005938     0x1ae0 /usr/local/xenon/lib/gcc/xenon/4.6.1/32/libgcc.a(unwind-dw2-fde-glibc.o)
                0x0000000080006eb4                __register_frame_info_bases
                0x0000000080006f28                __register_frame_info
                0x0000000080006f50                __register_frame
                0x0000000080006f9c                __register_frame_info_table_bases
                0x0000000080007000                __register_frame_info_table
                0x0000000080007028                __register_frame_table
                0x000000008000706c                __deregister_frame_info_bases
                0x00000000800071b8                __deregister_frame_info
                0x00000000800071d8                __deregister_frame
                0x000000008000720c                _Unwind_Find_FDE
 .text          0x0000000080007418       0x1c /usr/local/xenon/xenon/lib/32/libc.a(lib_a-abort.o)
                0x0000000080007418                abort
 *fill*         0x0000000080007434        0x4 00
 .text          0x0000000080007438       0x88 /usr/local/xenon/xenon/lib/32/libc.a(lib_a-assert.o)
                0x000000008000743c                __assert_func
                0x00000000800074a8                __assert
 .text          0x00000000800074c0       0x40 /usr/local/xenon/xenon/lib/32/libc.a(lib_a-errno.o)
                0x00000000800074c4                __errno
 .text          0x0000000080007500       0x58 /usr/local/xenon/xenon/lib/32/libc.a(lib_a-exit.o)
                0x0000000080007504                exit
 .text          0x0000000080007558      0x130 /usr/local/xenon/xenon/lib/32/libc.a(lib_a-fiprintf.o)
                0x0000000080007558                _fiprintf_r
                0x00000000800075dc                fiprintf
 .text          0x0000000080007688       0x90 /usr/local/xenon/xenon/lib/32/libc.a(lib_a-malloc.o)
                0x000000008000768c                malloc
                0x00000000800076d4                free
 .text          0x0000000080007718      0x890 /usr/local/xenon/xenon/lib/32/libc.a(lib_a-mallocr.o)
                0x000000008000771c                _malloc_r
 .text          0x0000000080007fa8      0x130 /usr/local/xenon/xenon/lib/32/libc.a(lib_a-memchr.o)
                0x0000000080007fa8                memchr
 .text          0x00000000800080d8       0xe0 /usr/local/xenon/xenon/lib/32/libc.a(lib_a-memcmp.o)
                0x00000000800080d8                memcmp
 .text          0x00000000800081b8      0x128 /usr/local/xenon/xenon/lib/32/libc.a(lib_a-memcpy.o)
                0x00000000800081b8                memcpy
 .text          0x00000000800082e0      0x134 /usr/local/xenon/xenon/lib/32/libc.a(lib_a-memset.o)
                0x00000000800082e0                memset
 *fill*         0x0000000080008414        0x4 00
 .text          0x0000000080008418        0xc /usr/local/xenon/xenon/lib/32/libc.a(lib_a-mlock.o)
                0x0000000080008418                __malloc_lock
                0x0000000080008420                __malloc_unlock
 *fill*         0x0000000080008424        0x4 00
 .text          0x0000000080008428      0x138 /usr/local/xenon/xenon/lib/32/libc.a(lib_a-printf.o)
                0x0000000080008428                _printf_r
                0x00000000800084b4                printf
 .text          0x0000000080008560       0x74 /usr/local/xenon/xenon/lib/32/libc.a(lib_a-putchar.o)
                0x0000000080008560                _putchar_r
                0x000000008000858c                putchar
 *fill*         0x00000000800085d4        0x4 00
 .text          0x00000000800085d8      0x204 /usr/local/xenon/xenon/lib/32/libc.a(lib_a-putc.o)
                0x00000000800085d8                _putc_r
                0x00000000800086bc                putc
 *fill*         0x00000000800087dc        0x4 00
 .text          0x00000000800087e0      0x128 /usr/local/xenon/xenon/lib/32/libc.a(lib_a-puts.o)
                0x00000000800087e4                _puts_r
                0x00000000800088c4                puts
 .text          0x0000000080008908       0x94 /usr/local/xenon/xenon/lib/32/libc.a(lib_a-sbrkr.o)
                0x000000008000890c                _sbrk_r
 *fill*         0x000000008000899c        0x4 00
 .text          0x00000000800089a0      0x408 /usr/local/xenon/xenon/lib/32/libc.a(lib_a-signal.o)
                0x00000000800089a0                _init_signal_r
                0x0000000080008a40                _signal_r
                0x0000000080008ad0                _raise_r
                0x0000000080008bc0                __sigtramp_r
                0x0000000080008c84                raise
                0x0000000080008ccc                signal
                0x0000000080008d1c                _init_signal
                0x0000000080008d64                __sigtramp
 .text          0x0000000080008da8       0xc0 /usr/local/xenon/xenon/lib/32/libc.a(lib_a-signalr.o)
                0x0000000080008dac                _kill_r
                0x0000000080008e48                _getpid_r
 .text          0x0000000080008e68      0x1a8 /usr/local/xenon/xenon/lib/32/libc.a(lib_a-sprintf.o)
                0x0000000080008e68                _sprintf_r
                0x0000000080008f2c                sprintf
 .text          0x0000000080009010       0xb0 /usr/local/xenon/xenon/lib/32/libc.a(lib_a-strcat.o)
                0x0000000080009010                strcat
 .text          0x00000000800090c0      0x10c /usr/local/xenon/xenon/lib/32/libc.a(lib_a-strcmp.o)
                0x00000000800090c0                strcmp
 *fill*         0x00000000800091cc        0x4 00
 .text          0x00000000800091d0       0xa4 /usr/local/xenon/xenon/lib/32/libc.a(lib_a-strcpy.o)
                0x00000000800091d0                strcpy
 *fill*         0x0000000080009274        0x4 00
 .text          0x0000000080009278      0x100 /usr/local/xenon/xenon/lib/32/libc.a(lib_a-strlen.o)
                0x0000000080009278                strlen
 .text          0x0000000080009378     0x2318 /usr/local/xenon/xenon/lib/32/libc.a(lib_a-svfprintf.o)
                0x000000008000965c                _svfprintf_r
 .text          0x000000008000b690     0x153c /usr/local/xenon/xenon/lib/32/libc.a(lib_a-vfiprintf.o)
                0x000000008000b6fc                _vfiprintf_r
                0x000000008000cb7c                vfiprintf
 *fill*         0x000000008000cbcc        0x4 00
 .text          0x000000008000cbd0     0x21e4 /usr/local/xenon/xenon/lib/32/libc.a(lib_a-vfprintf.o)
                0x000000008000cc3c                _vfprintf_r
                0x000000008000ed64                vfprintf
 *fill*         0x000000008000edb4        0x4 00
 .text          0x000000008000edb8      0x21c /usr/local/xenon/xenon/lib/32/libc.a(lib_a-wbuf.o)
                0x000000008000edb8                __swbuf_r
                0x000000008000ef8c                __swbuf
 *fill*         0x000000008000efd4        0x4 00
 .text          0x000000008000efd8      0x1b0 /usr/local/xenon/xenon/lib/32/libc.a(lib_a-wsetup.o)
                0x000000008000efdc                __swsetup_r
 .text          0x000000008000f188      0x1f8 /usr/local/xenon/xenon/lib/32/libc.a(lib_a-__call_atexit.o)
                0x000000008000f18c                __call_exitprocs
 .text          0x000000008000f380     0x14dc /usr/local/xenon/xenon/lib/32/libc.a(lib_a-dtoa.o)
                0x000000008000f5d4                _dtoa_r
 *fill*         0x000000008001085c        0x4 00
 .text          0x0000000080010860      0x334 /usr/local/xenon/xenon/lib/32/libc.a(lib_a-fflush.o)
                0x0000000080010860                _fflush_r
                0x0000000080010b24                fflush
 *fill*         0x0000000080010b94        0x4 00
 .text          0x0000000080010b98      0x48c /usr/local/xenon/xenon/lib/32/libc.a(lib_a-findfp.o)
                0x0000000080010bac                _cleanup_r
                0x0000000080010c88                __sfmoreglue
                0x0000000080010d0c                _cleanup
                0x0000000080010d50                __sfp_lock_acquire
                0x0000000080010d58                __sfp_lock_release
                0x0000000080010d60                __sinit_lock_acquire
                0x0000000080010d68                __sinit_lock_release
                0x0000000080010d74                __sinit
                0x0000000080010e24                __sfp
                0x0000000080010f8c                __fp_lock_all
                0x0000000080010fdc                __fp_unlock_all
 *fill*         0x0000000080011024        0x4 00
 .text          0x0000000080011028      0x418 /usr/local/xenon/xenon/lib/32/libc.a(lib_a-freer.o)
                0x000000008001102c                _malloc_trim_r
                0x0000000080011184                _free_r
 .text          0x0000000080011440      0x57c /usr/local/xenon/xenon/lib/32/libc.a(lib_a-fvwrite.o)
                0x0000000080011440                __sfvwrite_r
 *fill*         0x00000000800119bc        0x4 00
 .text          0x00000000800119c0      0x19c /usr/local/xenon/xenon/lib/32/libc.a(lib_a-fwalk.o)
                0x00000000800119c0                _fwalk
                0x0000000080011a88                _fwalk_reent
 *fill*         0x0000000080011b5c        0x4 00
 .text          0x0000000080011b60      0x1cc /usr/local/xenon/xenon/lib/32/libc.a(lib_a-locale.o)
                0x0000000080011b64                _setlocale_r
                0x0000000080011c1c                __locale_charset
                0x0000000080011c5c                _localeconv_r
                0x0000000080011c9c                setlocale
                0x0000000080011cec                localeconv
 *fill*         0x0000000080011d2c        0x4 00
 .text          0x0000000080011d30      0x220 /usr/local/xenon/xenon/lib/32/libc.a(lib_a-makebuf.o)
                0x0000000080011d34                __smakebuf_r
 .text          0x0000000080011f50      0x198 /usr/local/xenon/xenon/lib/32/libc.a(lib_a-memmove.o)
                0x0000000080011f50                memmove
 .text          0x00000000800120e8     0x1308 /usr/local/xenon/xenon/lib/32/libc.a(lib_a-mprec.o)
                0x00000000800120e8                _Balloc
                0x00000000800121b0                _Bfree
                0x00000000800121d8                __multadd
                0x0000000080012300                __s2b
                0x0000000080012450                __hi0bits
                0x00000000800124c8                __lo0bits
                0x00000000800125a8                __i2b
                0x00000000800125e8                __multiply
                0x000000008001284c                __pow5mult
                0x00000000800129a0                __lshift
                0x0000000080012b20                __mcmp
                0x0000000080012b80                __mdiff
                0x0000000080012d68                __ulp
                0x0000000080012e00                __b2d
                0x0000000080012f80                __d2b
                0x0000000080013120                __ratio
                0x000000008001320c                _mprec_log10
                0x0000000080013288                __copybits
                0x0000000080013310                __any_on
 .text          0x00000000800133f0      0x630 /usr/local/xenon/xenon/lib/32/libc.a(lib_a-reallocr.o)
                0x00000000800133f4                _realloc_r
 .text          0x0000000080013a20       0x44 /usr/local/xenon/xenon/lib/32/libc.a(lib_a-s_isinfd.o)
                0x0000000080013a20                __isinfd
 *fill*         0x0000000080013a64        0x4 00
 .text          0x0000000080013a68       0x38 /usr/local/xenon/xenon/lib/32/libc.a(lib_a-s_isnand.o)
                0x0000000080013a68                __isnand
 .text          0x0000000080013aa0      0x1a8 /usr/local/xenon/xenon/lib/32/libc.a(lib_a-stdio.o)
                0x0000000080013aa0                __sread
                0x0000000080013b08                __swrite
                0x0000000080013bb0                __sseek
                0x0000000080013c20                __sclose
 .text          0x0000000080013c48       0x9c /usr/local/xenon/xenon/lib/32/libc.a(lib_a-writer.o)
                0x0000000080013c4c                _write_r
 *fill*         0x0000000080013ce4        0x4 00
 .text          0x0000000080013ce8       0xc8 /usr/local/xenon/xenon/lib/32/libc.a(lib_a-callocr.o)
                0x0000000080013ce8                _calloc_r
 .text          0x0000000080013db0       0x94 /usr/local/xenon/xenon/lib/32/libc.a(lib_a-closer.o)
                0x0000000080013db4                _close_r
 *fill*         0x0000000080013e44        0x4 00
 .text          0x0000000080013e48      0x1c0 /usr/local/xenon/xenon/lib/32/libc.a(lib_a-fclose.o)
                0x0000000080013e48                _fclose_r
                0x0000000080013fc4                fclose
 .text          0x0000000080014008       0x9c /usr/local/xenon/xenon/lib/32/libc.a(lib_a-fstatr.o)
                0x000000008001400c                _fstat_r
 *fill*         0x00000000800140a4        0x4 00
 .text          0x00000000800140a8       0x94 /usr/local/xenon/xenon/lib/32/libc.a(lib_a-isattyr.o)
                0x00000000800140ac                _isatty_r
 *fill*         0x000000008001413c        0x4 00
 .text          0x0000000080014140       0x9c /usr/local/xenon/xenon/lib/32/libc.a(lib_a-lseekr.o)
                0x0000000080014144                _lseek_r
 *fill*         0x00000000800141dc        0x4 00
 .text          0x00000000800141e0       0x9c /usr/local/xenon/xenon/lib/32/libc.a(lib_a-readr.o)
                0x00000000800141e4                _read_r
 *fill*         0x000000008001427c        0x4 00
 .text          0x0000000080014280      0x434 /usr/local/xenon/lib/gcc/xenon/4.6.1/32/libgcc.a(_udivdi3.o)
                0x0000000080014280                __udivdi3
 *fill*         0x00000000800146b4        0x4 00
 .text          0x00000000800146b8      0x3f0 /usr/local/xenon/lib/gcc/xenon/4.6.1/32/libgcc.a(_umoddi3.o)
                0x00000000800146b8                __umoddi3
 *(.init*)

.glink          0x0000000080014aa8        0x0
 .glink         0x0000000000000000        0x0 /usr/local/xenon/lib/gcc/xenon/4.6.1/../../../../xenon/lib/../lib/crt1.o

.elfldr         0x0000000080014aa8        0x0
                0x0000000080014aa8                elfldr_start = .
 *(.elfldr)
                0x0000000080014aa8                elfldr_end = .

.data           0x0000000080014aa8     0x4b50
 *(.data*)
 .data.vfs_console_ops
                0x0000000080014aa8       0x18 /usr/local/xenon/usr/lib/libxenon.a(newlib.o)
                0x0000000080014aa8                vfs_console_ops
 .data.fd_array
                0x0000000080014ac0      0xc00 /usr/local/xenon/usr/lib/libxenon.a(newlib.o)
 .data.ana_1024x768
                0x00000000800156c0      0x400 /usr/local/xenon/usr/lib/libxenon.a(xenos.o)
                0x00000000800156c0                ana_1024x768
 .data.ana_ntsc_480i
                0x0000000080015ac0      0x400 /usr/local/xenon/usr/lib/libxenon.a(xenos.o)
                0x0000000080015ac0                ana_ntsc_480i
 .data.ana_yuv_480p
                0x0000000080015ec0      0x400 /usr/local/xenon/usr/lib/libxenon.a(xenos.o)
                0x0000000080015ec0                ana_yuv_480p
 .data.ana_1280x1024
                0x00000000800162c0      0x400 /usr/local/xenon/usr/lib/libxenon.a(xenos.o)
                0x00000000800162c0                ana_1280x1024
 .data.ana_pal  0x00000000800166c0      0x400 /usr/local/xenon/usr/lib/libxenon.a(xenos.o)
                0x00000000800166c0                ana_pal
 .data.ana_1360x768
                0x0000000080016ac0      0x400 /usr/local/xenon/usr/lib/libxenon.a(xenos.o)
                0x0000000080016ac0                ana_1360x768
 .data.ana_640_480_composite
                0x0000000080016ec0      0x400 /usr/local/xenon/usr/lib/libxenon.a(xenos.o)
                0x0000000080016ec0                ana_640_480_composite
 .data.ana_1440x900
                0x00000000800172c0      0x400 /usr/local/xenon/usr/lib/libxenon.a(xenos.o)
                0x00000000800172c0                ana_1440x900
 .data.ana_1280x768
                0x00000000800176c0      0x400 /usr/local/xenon/usr/lib/libxenon.a(xenos.o)
                0x00000000800176c0                ana_1280x768
 .data.ana_hdmi_720p
                0x0000000080017ac0      0x400 /usr/local/xenon/usr/lib/libxenon.a(xenos.o)
                0x0000000080017ac0                ana_hdmi_720p
 .data.ana_1280x720
                0x0000000080017ec0      0x400 /usr/local/xenon/usr/lib/libxenon.a(xenos.o)
                0x0000000080017ec0                ana_1280x720
 .data.xenos_modes
                0x00000000800182c0      0x2d8 /usr/local/xenon/usr/lib/libxenon.a(xenos.o)
                0x00000000800182c0                xenos_modes
 .data.ana_640x480p
                0x0000000080018598      0x400 /usr/local/xenon/usr/lib/libxenon.a(xenos.o)
                0x0000000080018598                ana_640x480p
 .data.ana_yuv_720p
                0x0000000080018998      0x400 /usr/local/xenon/usr/lib/libxenon.a(xenos.o)
                0x0000000080018998                ana_yuv_720p
 .data.rel.local
                0x0000000080018d98      0x428 /usr/local/xenon/xenon/lib/32/libc.a(lib_a-impure.o)
 .data.rel      0x00000000800191c0      0x408 /usr/local/xenon/xenon/lib/32/libc.a(lib_a-mallocr.o)
                0x00000000800191c0                __malloc_av_
 .data.rel.ro.local
                0x00000000800195c8       0x30 /usr/local/xenon/xenon/lib/32/libc.a(lib_a-locale.o)

.got2           0x00000000800195f8      0x1d8
 .got2          0x00000000800195f8       0x14 /usr/local/xenon/lib/gcc/xenon/4.6.1/32/libgcc.a(unwind-dw2-fde-glibc.o)
 .got2          0x000000008001960c       0x10 /usr/local/xenon/xenon/lib/32/libc.a(lib_a-assert.o)
 .got2          0x000000008001961c        0x4 /usr/local/xenon/xenon/lib/32/libc.a(lib_a-errno.o)
 .got2          0x0000000080019620        0x4 /usr/local/xenon/xenon/lib/32/libc.a(lib_a-exit.o)
 .got2          0x0000000080019624        0x4 /usr/local/xenon/xenon/lib/32/libc.a(lib_a-fiprintf.o)
 .got2          0x0000000080019628        0x4 /usr/local/xenon/xenon/lib/32/libc.a(lib_a-malloc.o)
 .got2          0x000000008001962c       0x18 /usr/local/xenon/xenon/lib/32/libc.a(lib_a-mallocr.o)
 .got2          0x0000000080019644        0x4 /usr/local/xenon/xenon/lib/32/libc.a(lib_a-printf.o)
 .got2          0x0000000080019648        0x4 /usr/local/xenon/xenon/lib/32/libc.a(lib_a-putchar.o)
 .got2          0x000000008001964c        0x4 /usr/local/xenon/xenon/lib/32/libc.a(lib_a-putc.o)
 .got2          0x0000000080019650        0x8 /usr/local/xenon/xenon/lib/32/libc.a(lib_a-puts.o)
 .got2          0x0000000080019658        0x4 /usr/local/xenon/xenon/lib/32/libc.a(lib_a-sbrkr.o)
 .got2          0x000000008001965c        0x4 /usr/local/xenon/xenon/lib/32/libc.a(lib_a-signal.o)
 .got2          0x0000000080019660        0x4 /usr/local/xenon/xenon/lib/32/libc.a(lib_a-signalr.o)
 .got2          0x0000000080019664        0x4 /usr/local/xenon/xenon/lib/32/libc.a(lib_a-sprintf.o)
 .got2          0x0000000080019668       0x30 /usr/local/xenon/xenon/lib/32/libc.a(lib_a-svfprintf.o)
 .got2          0x0000000080019698       0x1c /usr/local/xenon/xenon/lib/32/libc.a(lib_a-vfiprintf.o)
 .got2          0x00000000800196b4       0x34 /usr/local/xenon/xenon/lib/32/libc.a(lib_a-vfprintf.o)
 .got2          0x00000000800196e8        0x4 /usr/local/xenon/xenon/lib/32/libc.a(lib_a-wbuf.o)
 .got2          0x00000000800196ec        0x4 /usr/local/xenon/xenon/lib/32/libc.a(lib_a-wsetup.o)
 .got2          0x00000000800196f0        0x4 /usr/local/xenon/xenon/lib/32/libc.a(lib_a-__call_atexit.o)
 .got2          0x00000000800196f4       0x44 /usr/local/xenon/xenon/lib/32/libc.a(lib_a-dtoa.o)
 .got2          0x0000000080019738        0xc /usr/local/xenon/xenon/lib/32/libc.a(lib_a-fflush.o)
 .got2          0x0000000080019744       0x28 /usr/local/xenon/xenon/lib/32/libc.a(lib_a-findfp.o)
 .got2          0x000000008001976c       0x18 /usr/local/xenon/xenon/lib/32/libc.a(lib_a-freer.o)
 .got2          0x0000000080019784       0x14 /usr/local/xenon/xenon/lib/32/libc.a(lib_a-locale.o)
 .got2          0x0000000080019798        0x8 /usr/local/xenon/xenon/lib/32/libc.a(lib_a-makebuf.o)
 .got2          0x00000000800197a0       0x10 /usr/local/xenon/xenon/lib/32/libc.a(lib_a-mprec.o)
 .got2          0x00000000800197b0        0x4 /usr/local/xenon/xenon/lib/32/libc.a(lib_a-reallocr.o)
 .got2          0x00000000800197b4        0x4 /usr/local/xenon/xenon/lib/32/libc.a(lib_a-writer.o)
 .got2          0x00000000800197b8        0x4 /usr/local/xenon/xenon/lib/32/libc.a(lib_a-closer.o)
 .got2          0x00000000800197bc        0x4 /usr/local/xenon/xenon/lib/32/libc.a(lib_a-fclose.o)
 .got2          0x00000000800197c0        0x4 /usr/local/xenon/xenon/lib/32/libc.a(lib_a-fstatr.o)
 .got2          0x00000000800197c4        0x4 /usr/local/xenon/xenon/lib/32/libc.a(lib_a-isattyr.o)
 .got2          0x00000000800197c8        0x4 /usr/local/xenon/xenon/lib/32/libc.a(lib_a-lseekr.o)
 .got2          0x00000000800197cc        0x4 /usr/local/xenon/xenon/lib/32/libc.a(lib_a-readr.o)

.sdata          0x00000000800197d0       0x20
 *(.sdata*)
 .sdata.ELF_MAGIC
                0x00000000800197d0        0x4 main.o
                0x00000000800197d0                ELF_MAGIC
 .sdata.console_color
                0x00000000800197d4        0x8 /usr/local/xenon/usr/lib/libxenon.a(console.o)
                0x00000000800197d4                console_color
 .sdata.xenon_smc_last_ir
                0x00000000800197dc        0x4 /usr/local/xenon/usr/lib/libxenon.a(xenon_smc.o)
                0x00000000800197dc                xenon_smc_last_ir
 .sdata         0x00000000800197e0        0x8 /usr/local/xenon/xenon/lib/32/libc.a(lib_a-impure.o)
                0x00000000800197e0                _global_impure_ptr
                0x00000000800197e4                _impure_ptr
 .sdata         0x00000000800197e8        0x8 /usr/local/xenon/xenon/lib/32/libc.a(lib_a-mallocr.o)
                0x00000000800197e8                __malloc_sbrk_base
                0x00000000800197ec                __malloc_trim_threshold

.rodata         0x00000000800197f0     0x2148
 *(.rodata*)
 .rodata.str1.8
                0x00000000800197f0       0x18 main.o
                                         0x13 (size before relaxing)
 .rodata.str1.1
                0x0000000080019808       0x33 /usr/local/xenon/usr/lib/libxenon.a(console.o)
 *fill*         0x000000008001983b        0x5 00
 .rodata.fontdata_8x16
                0x0000000080019840     0x1000 /usr/local/xenon/usr/lib/libxenon.a(console.o)
                0x0000000080019840                fontdata_8x16
 .rodata.str1.1
                0x000000008001a840       0x7c /usr/local/xenon/usr/lib/libxenon.a(newlib.o)
 .rodata.str1.1
                0x000000008001a8bc       0xfb /usr/local/xenon/usr/lib/libxenon.a(c_except.o)
 .rodata.str1.1
                0x000000008001a9b7      0x11f /usr/local/xenon/usr/lib/libxenon.a(xenon_smc.o)
 .rodata.str1.1
                0x000000008001aad6       0x40 /usr/local/xenon/usr/lib/libxenon.a(xenon_config.o)
 *fill*         0x000000008001ab16        0x2 00
 .rodata        0x000000008001ab18      0x140 /usr/local/xenon/usr/lib/libxenon.a(xenos.o)
 .rodata.str1.1
                0x000000008001ac58      0x1f7 /usr/local/xenon/usr/lib/libxenon.a(xenos.o)
 *fill*         0x000000008001ae4f        0x1 00
 .rodata.__FUNCTION__.3499
                0x000000008001ae50       0x12 /usr/local/xenon/usr/lib/libxenon.a(xenos.o)
 *fill*         0x000000008001ae62        0x6 00
 .rodata.__FUNCTION__.3563
                0x000000008001ae68       0x12 /usr/local/xenon/usr/lib/libxenon.a(xenos.o)
 *fill*         0x000000008001ae7a        0x6 00
 .rodata.CSWTCH.26
                0x000000008001ae80        0x4 /usr/local/xenon/usr/lib/libxenon.a(xenos.o)
 *fill*         0x000000008001ae84        0x4 00
 .rodata.edid_header
                0x000000008001ae88        0x8 /usr/local/xenon/usr/lib/libxenon.a(xenos_edid.o)
 .rodata.str1.1
                0x000000008001ae90      0x106 /usr/local/xenon/usr/lib/libxenon.a(xenos_edid.o)
 .rodata.str1.1
                0x000000008001af96      0x2cd /usr/local/xenon/usr/lib/libxenon.a(xenon_sfcx.o)
                                        0x2cf (size before relaxing)
 *fill*         0x000000008001b263        0x1 00
 .rodata        0x000000008001b264       0x34 /usr/local/xenon/lib/gcc/xenon/4.6.1/32/libgcc.a(unwind-dw2-fde-glibc.o)
 .rodata.str1.4
                0x000000008001b298       0x3f /usr/local/xenon/xenon/lib/32/libc.a(lib_a-assert.o)
                                         0x43 (size before relaxing)
 *fill*         0x000000008001b2d7        0x1 00
 .rodata.str1.4
                0x000000008001b2d8        0x2 /usr/local/xenon/xenon/lib/32/libc.a(lib_a-impure.o)
 *fill*         0x000000008001b2da        0x2 00
 .rodata.str1.4
                0x000000008001b2dc        0x2 /usr/local/xenon/xenon/lib/32/libc.a(lib_a-puts.o)
 *fill*         0x000000008001b2de        0x2 00
 .rodata        0x000000008001b2e0      0x184 /usr/local/xenon/xenon/lib/32/libc.a(lib_a-svfprintf.o)
 .rodata.cst4   0x000000008001b464        0x4 /usr/local/xenon/xenon/lib/32/libc.a(lib_a-svfprintf.o)
 .rodata.str1.4
                0x000000008001b468       0x42 /usr/local/xenon/xenon/lib/32/libc.a(lib_a-svfprintf.o)
 *fill*         0x000000008001b4aa        0x2 00
 .rodata        0x000000008001b4ac      0x184 /usr/local/xenon/xenon/lib/32/libc.a(lib_a-vfiprintf.o)
 .rodata.str1.4
                0x0000000000000000       0x2f /usr/local/xenon/xenon/lib/32/libc.a(lib_a-vfiprintf.o)
 .rodata        0x000000008001b630      0x184 /usr/local/xenon/xenon/lib/32/libc.a(lib_a-vfprintf.o)
 .rodata.cst4   0x0000000000000000        0x4 /usr/local/xenon/xenon/lib/32/libc.a(lib_a-vfprintf.o)
 .rodata.str1.4
                0x0000000000000000       0x42 /usr/local/xenon/xenon/lib/32/libc.a(lib_a-vfprintf.o)
 .rodata.cst4   0x000000008001b7b4       0x20 /usr/local/xenon/xenon/lib/32/libc.a(lib_a-dtoa.o)
                                         0x24 (size before relaxing)
 *fill*         0x000000008001b7d4        0x4 00
 .rodata.cst8   0x000000008001b7d8       0x18 /usr/local/xenon/xenon/lib/32/libc.a(lib_a-dtoa.o)
 .rodata.str1.4
                0x000000008001b7f0       0x10 /usr/local/xenon/xenon/lib/32/libc.a(lib_a-dtoa.o)
                                         0x12 (size before relaxing)
 .rodata.str1.4
                0x000000008001b800       0x10 /usr/local/xenon/xenon/lib/32/libc.a(lib_a-locale.o)
                                         0x16 (size before relaxing)
 .rodata        0x000000008001b810      0x128 /usr/local/xenon/xenon/lib/32/libc.a(lib_a-mprec.o)
                0x000000008001b820                __mprec_tinytens
                0x000000008001b848                __mprec_bigtens
                0x000000008001b870                __mprec_tens
 .rodata.cst4   0x0000000000000000        0x8 /usr/local/xenon/xenon/lib/32/libc.a(lib_a-mprec.o)

.ctors          0x000000008001b938        0x0
                0x000000008001b938                __CTOR_LIST__ = .
 *(.ctors)
                0x000000008001b938                __CTOR_END__ = .

.dtors          0x000000008001b938        0x0
                0x000000008001b938                __DTOR_LIST__ = .
 *(.dtors)
                0x000000008001b938                __DTOR_END__ = .

.eh_frame_hdr   0x000000008001b938       0xe4
 *(.eh_frame_hdr)
 .eh_frame_hdr  0x000000008001b938       0xe4 /usr/local/xenon/lib/gcc/xenon/4.6.1/32/libgcc.a(crtsavgpr.o)

.eh_frame       0x000000008001ba1c      0x584
                0x000000008001ba1c                PROVIDE (__eh_frame_start, .)
 *(.eh_frame)
 .eh_frame      0x0000000000000000        0x0 /usr/local/xenon/lib/gcc/xenon/4.6.1/../../../../xenon/lib/../lib/crt1.o
 .eh_frame      0x000000008001ba1c        0x0 /usr/local/xenon/lib/gcc/xenon/4.6.1/32/crtbegin.o
 .eh_frame      0x000000008001ba1c       0x28 /usr/local/xenon/lib/gcc/xenon/4.6.1/32/libgcc.a(crtsavgpr.o)
 .eh_frame      0x000000008001ba44       0x7c /usr/local/xenon/lib/gcc/xenon/4.6.1/32/libgcc.a(crtresxgpr.o)
 .eh_frame      0x000000008001bac0      0x464 /usr/local/xenon/lib/gcc/xenon/4.6.1/32/libgcc.a(unwind-dw2-fde-glibc.o)
                                        0x478 (size before relaxing)
 .eh_frame      0x000000008001bf24       0x38 /usr/local/xenon/lib/gcc/xenon/4.6.1/32/libgcc.a(_udivdi3.o)
                                         0x4c (size before relaxing)
 .eh_frame      0x000000008001bf5c       0x3c /usr/local/xenon/lib/gcc/xenon/4.6.1/32/libgcc.a(_umoddi3.o)
                                         0x50 (size before relaxing)
 .eh_frame      0x000000008001bf98        0x4 /usr/local/xenon/lib/gcc/xenon/4.6.1/32/crtend.o
                0x000000008001bf9c        0x4 LONG 0x0

.rela.dyn       0x000000008001bfa0        0x0
 .rela.iplt     0x0000000000000000        0x0 /usr/local/xenon/lib/gcc/xenon/4.6.1/../../../../xenon/lib/../lib/crt1.o
 .rela.text.call_ctors
                0x0000000000000000        0x0 /usr/local/xenon/lib/gcc/xenon/4.6.1/../../../../xenon/lib/../lib/crt1.o
 .rela.text.c_register_frame
                0x0000000000000000        0x0 /usr/local/xenon/lib/gcc/xenon/4.6.1/../../../../xenon/lib/../lib/crt1.o
 .rela.got2     0x0000000000000000        0x0 /usr/local/xenon/lib/gcc/xenon/4.6.1/../../../../xenon/lib/../lib/crt1.o
 .rela.text     0x0000000000000000        0x0 /usr/local/xenon/lib/gcc/xenon/4.6.1/../../../../xenon/lib/../lib/crt1.o
 .rela.text.console_init
                0x0000000000000000        0x0 /usr/local/xenon/lib/gcc/xenon/4.6.1/../../../../xenon/lib/../lib/crt1.o
 .rela.text.console_close
                0x0000000000000000        0x0 /usr/local/xenon/lib/gcc/xenon/4.6.1/../../../../xenon/lib/../lib/crt1.o
 .rela.text.sbrk
                0x0000000000000000        0x0 /usr/local/xenon/lib/gcc/xenon/4.6.1/../../../../xenon/lib/../lib/crt1.o
 .rela.text.usb_init_one_ohci
                0x0000000000000000        0x0 /usr/local/xenon/lib/gcc/xenon/4.6.1/../../../../xenon/lib/../lib/crt1.o
 .rela.text.usb_do_poll
                0x0000000000000000        0x0 /usr/local/xenon/lib/gcc/xenon/4.6.1/../../../../xenon/lib/../lib/crt1.o
 .rela.text.EHCI_do_one
                0x0000000000000000        0x0 /usr/local/xenon/lib/gcc/xenon/4.6.1/../../../../xenon/lib/../lib/crt1.o
 .rela.text.USBStorage_Init
                0x0000000000000000        0x0 /usr/local/xenon/lib/gcc/xenon/4.6.1/../../../../xenon/lib/../lib/crt1.o
 .rela.text.xenon_config_init
                0x0000000000000000        0x0 /usr/local/xenon/lib/gcc/xenon/4.6.1/../../../../xenon/lib/../lib/crt1.o
 .rela.text.enet_init
                0x0000000000000000        0x0 /usr/local/xenon/lib/gcc/xenon/4.6.1/../../../../xenon/lib/../lib/crt1.o
 .rela.text.enet_poll
                0x0000000000000000        0x0 /usr/local/xenon/lib/gcc/xenon/4.6.1/../../../../xenon/lib/../lib/crt1.o
 .rela.text.determine_filesystem
                0x0000000000000000        0x0 /usr/local/xenon/lib/gcc/xenon/4.6.1/../../../../xenon/lib/../lib/crt1.o
 .rela.text.register_bdev
                0x0000000000000000        0x0 /usr/local/xenon/lib/gcc/xenon/4.6.1/../../../../xenon/lib/../lib/crt1.o
 .rela.text.bdev_open
                0x0000000000000000        0x0 /usr/local/xenon/lib/gcc/xenon/4.6.1/../../../../xenon/lib/../lib/crt1.o
 .rela.text.bdev_enum
                0x0000000000000000        0x0 /usr/local/xenon/lib/gcc/xenon/4.6.1/../../../../xenon/lib/../lib/crt1.o
 .rela.text.cache_fat_sector
                0x0000000000000000        0x0 /usr/local/xenon/lib/gcc/xenon/4.6.1/../../../../xenon/lib/../lib/crt1.o
 .rela.text.flush_fat
                0x0000000000000000        0x0 /usr/local/xenon/lib/gcc/xenon/4.6.1/../../../../xenon/lib/../lib/crt1.o
 .rela.text.fat_lock
                0x0000000000000000        0x0 /usr/local/xenon/lib/gcc/xenon/4.6.1/../../../../xenon/lib/../lib/crt1.o
 .rela.text.fat_unlock
                0x0000000000000000        0x0 /usr/local/xenon/lib/gcc/xenon/4.6.1/../../../../xenon/lib/../lib/crt1.o
 .rela.text.fat_init
                0x0000000000000000        0x0 /usr/local/xenon/lib/gcc/xenon/4.6.1/../../../../xenon/lib/../lib/crt1.o
 .rela.text.fat_unmount
                0x0000000000000000        0x0 /usr/local/xenon/lib/gcc/xenon/4.6.1/../../../../xenon/lib/../lib/crt1.o
 .rela.text.add_dir_entry
                0x0000000000000000        0x0 /usr/local/xenon/lib/gcc/xenon/4.6.1/../../../../xenon/lib/../lib/crt1.o
 .rela.text.fat_getnext
                0x0000000000000000        0x0 /usr/local/xenon/lib/gcc/xenon/4.6.1/../../../../xenon/lib/../lib/crt1.o
 .rela.text.find_object
                0x0000000000000000        0x0 /usr/local/xenon/lib/gcc/xenon/4.6.1/../../../../xenon/lib/../lib/crt1.o
 .rela.text._iso9660_readdir
                0x0000000000000000        0x0 /usr/local/xenon/lib/gcc/xenon/4.6.1/../../../../xenon/lib/../lib/crt1.o
 .rela.text.kmem_init
                0x0000000000000000        0x0 /usr/local/xenon/lib/gcc/xenon/4.6.1/../../../../xenon/lib/../lib/crt1.o
 .rela.text._ohci_dma_alloc
                0x0000000000000000        0x0 /usr/local/xenon/lib/gcc/xenon/4.6.1/../../../../xenon/lib/../lib/crt1.o
 .rela.text.ohci_create
                0x0000000000000000        0x0 /usr/local/xenon/lib/gcc/xenon/4.6.1/../../../../xenon/lib/../lib/crt1.o
 .rela.text.usb_create_pipe
                0x0000000000000000        0x0 /usr/local/xenon/lib/gcc/xenon/4.6.1/../../../../xenon/lib/../lib/crt1.o
 .rela.text.usb_destroy_pipe
                0x0000000000000000        0x0 /usr/local/xenon/lib/gcc/xenon/4.6.1/../../../../xenon/lib/../lib/crt1.o
 .rela.text.usb_destroy_all_pipes
                0x0000000000000000        0x0 /usr/local/xenon/lib/gcc/xenon/4.6.1/../../../../xenon/lib/../lib/crt1.o
 .rela.text.usb_destroy_device
                0x0000000000000000        0x0 /usr/local/xenon/lib/gcc/xenon/4.6.1/../../../../xenon/lib/../lib/crt1.o
 .rela.text.usb_create_device
                0x0000000000000000        0x0 /usr/local/xenon/lib/gcc/xenon/4.6.1/../../../../xenon/lib/../lib/crt1.o
 .rela.text.usb_make_request
                0x0000000000000000        0x0 /usr/local/xenon/lib/gcc/xenon/4.6.1/../../../../xenon/lib/../lib/crt1.o
 .rela.text.usb_free_request
                0x0000000000000000        0x0 /usr/local/xenon/lib/gcc/xenon/4.6.1/../../../../xenon/lib/../lib/crt1.o
 .rela.text.usb_clear_stall
                0x0000000000000000        0x0 /usr/local/xenon/lib/gcc/xenon/4.6.1/../../../../xenon/lib/../lib/crt1.o
 .rela.text.usb_std_request
                0x0000000000000000        0x0 /usr/local/xenon/lib/gcc/xenon/4.6.1/../../../../xenon/lib/../lib/crt1.o
 .rela.text.usb_get_string
                0x0000000000000000        0x0 /usr/local/xenon/lib/gcc/xenon/4.6.1/../../../../xenon/lib/../lib/crt1.o
 .rela.text.usb_get_device_descriptor
                0x0000000000000000        0x0 /usr/local/xenon/lib/gcc/xenon/4.6.1/../../../../xenon/lib/../lib/crt1.o
 .rela.text.usb_get_config_descriptor
                0x0000000000000000        0x0 /usr/local/xenon/lib/gcc/xenon/4.6.1/../../../../xenon/lib/../lib/crt1.o
 .rela.text.usb_initroot
                0x0000000000000000        0x0 /usr/local/xenon/lib/gcc/xenon/4.6.1/../../../../xenon/lib/../lib/crt1.o
 .rela.data.usb_drivers
                0x0000000000000000        0x0 /usr/local/xenon/lib/gcc/xenon/4.6.1/../../../../xenon/lib/../lib/crt1.o
 .rela.text.usbhid_attach
                0x0000000000000000        0x0 /usr/local/xenon/lib/gcc/xenon/4.6.1/../../../../xenon/lib/../lib/crt1.o
 .rela.text.usbhub_detach
                0x0000000000000000        0x0 /usr/local/xenon/lib/gcc/xenon/4.6.1/../../../../xenon/lib/../lib/crt1.o
 .rela.text.usbhub_attach
                0x0000000000000000        0x0 /usr/local/xenon/lib/gcc/xenon/4.6.1/../../../../xenon/lib/../lib/crt1.o
 .rela.text.usbhub_scan1
                0x0000000000000000        0x0 /usr/local/xenon/lib/gcc/xenon/4.6.1/../../../../xenon/lib/../lib/crt1.o
 .rela.text.rawflash_writeImage
                0x0000000000000000        0x0 /usr/local/xenon/lib/gcc/xenon/4.6.1/../../../../xenon/lib/../lib/crt1.o
 .rela.text.try_rawflash
                0x0000000000000000        0x0 /usr/local/xenon/lib/gcc/xenon/4.6.1/../../../../xenon/lib/../lib/crt1.o
 .rela.text.mem_init
                0x0000000000000000        0x0 /usr/local/xenon/lib/gcc/xenon/4.6.1/../../../../xenon/lib/../lib/crt1.o
 .rela.text.mem_free
                0x0000000000000000        0x0 /usr/local/xenon/lib/gcc/xenon/4.6.1/../../../../xenon/lib/../lib/crt1.o
 .rela.text.mem_trim
                0x0000000000000000        0x0 /usr/local/xenon/lib/gcc/xenon/4.6.1/../../../../xenon/lib/../lib/crt1.o
 .rela.text.mem_malloc
                0x0000000000000000        0x0 /usr/local/xenon/lib/gcc/xenon/4.6.1/../../../../xenon/lib/../lib/crt1.o
 .rela.text.etharp_arp_input
                0x0000000000000000        0x0 /usr/local/xenon/lib/gcc/xenon/4.6.1/../../../../xenon/lib/../lib/crt1.o
 .rela.text.etharp_request
                0x0000000000000000        0x0 /usr/local/xenon/lib/gcc/xenon/4.6.1/../../../../xenon/lib/../lib/crt1.o
 .rela.text.etharp_query
                0x0000000000000000        0x0 /usr/local/xenon/lib/gcc/xenon/4.6.1/../../../../xenon/lib/../lib/crt1.o
 .rela.text.etharp_output
                0x0000000000000000        0x0 /usr/local/xenon/lib/gcc/xenon/4.6.1/../../../../xenon/lib/../lib/crt1.o
 .rela.text.ethernet_input
                0x0000000000000000        0x0 /usr/local/xenon/lib/gcc/xenon/4.6.1/../../../../xenon/lib/../lib/crt1.o
 .rela.text.dhcp_reboot
                0x0000000000000000        0x0 /usr/local/xenon/lib/gcc/xenon/4.6.1/../../../../xenon/lib/../lib/crt1.o
 .rela.text.dhcp_discover
                0x0000000000000000        0x0 /usr/local/xenon/lib/gcc/xenon/4.6.1/../../../../xenon/lib/../lib/crt1.o
 .rela.text.dhcp_select
                0x0000000000000000        0x0 /usr/local/xenon/lib/gcc/xenon/4.6.1/../../../../xenon/lib/../lib/crt1.o
 .rela.text.dhcp_rebind
                0x0000000000000000        0x0 /usr/local/xenon/lib/gcc/xenon/4.6.1/../../../../xenon/lib/../lib/crt1.o
 .rela.text.dhcp_recv
                0x0000000000000000        0x0 /usr/local/xenon/lib/gcc/xenon/4.6.1/../../../../xenon/lib/../lib/crt1.o
 .rela.text.dhcp_inform
                0x0000000000000000        0x0 /usr/local/xenon/lib/gcc/xenon/4.6.1/../../../../xenon/lib/../lib/crt1.o
 .rela.text.dhcp_arp_reply
                0x0000000000000000        0x0 /usr/local/xenon/lib/gcc/xenon/4.6.1/../../../../xenon/lib/../lib/crt1.o
 .rela.text.dhcp_coarse_tmr
                0x0000000000000000        0x0 /usr/local/xenon/lib/gcc/xenon/4.6.1/../../../../xenon/lib/../lib/crt1.o
 .rela.text.dhcp_release
                0x0000000000000000        0x0 /usr/local/xenon/lib/gcc/xenon/4.6.1/../../../../xenon/lib/../lib/crt1.o
 .rela.text.dhcp_fine_tmr
                0x0000000000000000        0x0 /usr/local/xenon/lib/gcc/xenon/4.6.1/../../../../xenon/lib/../lib/crt1.o
 .rela.text.dhcp_start
                0x0000000000000000        0x0 /usr/local/xenon/lib/gcc/xenon/4.6.1/../../../../xenon/lib/../lib/crt1.o
 .rela.text.storage_read_sectors
                0x0000000000000000        0x0 /usr/local/xenon/lib/gcc/xenon/4.6.1/../../../../xenon/lib/../lib/crt1.o
 .rela.text.storage_write_sectors
                0x0000000000000000        0x0 /usr/local/xenon/lib/gcc/xenon/4.6.1/../../../../xenon/lib/../lib/crt1.o
 .rela.text.usbctrl_set_led_callback
                0x0000000000000000        0x0 /usr/local/xenon/lib/gcc/xenon/4.6.1/../../../../xenon/lib/../lib/crt1.o
 .rela.text.usbctrl_set_leds
                0x0000000000000000        0x0 /usr/local/xenon/lib/gcc/xenon/4.6.1/../../../../xenon/lib/../lib/crt1.o
 .rela.text.usbctrl_poll
                0x0000000000000000        0x0 /usr/local/xenon/lib/gcc/xenon/4.6.1/../../../../xenon/lib/../lib/crt1.o
 .rela.text.usbctrl_attach
                0x0000000000000000        0x0 /usr/local/xenon/lib/gcc/xenon/4.6.1/../../../../xenon/lib/../lib/crt1.o
 .rela.text.usbctrl_set_rumble
                0x0000000000000000        0x0 /usr/local/xenon/lib/gcc/xenon/4.6.1/../../../../xenon/lib/../lib/crt1.o
 .rela.text.memp_init
                0x0000000000000000        0x0 /usr/local/xenon/lib/gcc/xenon/4.6.1/../../../../xenon/lib/../lib/crt1.o
 .rela.text.memp_malloc
                0x0000000000000000        0x0 /usr/local/xenon/lib/gcc/xenon/4.6.1/../../../../xenon/lib/../lib/crt1.o
 .rela.text.memp_free
                0x0000000000000000        0x0 /usr/local/xenon/lib/gcc/xenon/4.6.1/../../../../xenon/lib/../lib/crt1.o
 .rela.text.netif_find
                0x0000000000000000        0x0 /usr/local/xenon/lib/gcc/xenon/4.6.1/../../../../xenon/lib/../lib/crt1.o
 .rela.text.netif_set_ipaddr
                0x0000000000000000        0x0 /usr/local/xenon/lib/gcc/xenon/4.6.1/../../../../xenon/lib/../lib/crt1.o
 .rela.text.netif_add
                0x0000000000000000        0x0 /usr/local/xenon/lib/gcc/xenon/4.6.1/../../../../xenon/lib/../lib/crt1.o
 .rela.text.netif_set_default
                0x0000000000000000        0x0 /usr/local/xenon/lib/gcc/xenon/4.6.1/../../../../xenon/lib/../lib/crt1.o
 .rela.text.netif_remove
                0x0000000000000000        0x0 /usr/local/xenon/lib/gcc/xenon/4.6.1/../../../../xenon/lib/../lib/crt1.o
 .rela.text.tcp_bind
                0x0000000000000000        0x0 /usr/local/xenon/lib/gcc/xenon/4.6.1/../../../../xenon/lib/../lib/crt1.o
 .rela.text.tcp_listen_with_backlog
                0x0000000000000000        0x0 /usr/local/xenon/lib/gcc/xenon/4.6.1/../../../../xenon/lib/../lib/crt1.o
 .rela.text.tcp_slowtmr
                0x0000000000000000        0x0 /usr/local/xenon/lib/gcc/xenon/4.6.1/../../../../xenon/lib/../lib/crt1.o
 .rela.text.tcp_pcb_remove
                0x0000000000000000        0x0 /usr/local/xenon/lib/gcc/xenon/4.6.1/../../../../xenon/lib/../lib/crt1.o
 .rela.text.tcp_abandon
                0x0000000000000000        0x0 /usr/local/xenon/lib/gcc/xenon/4.6.1/../../../../xenon/lib/../lib/crt1.o
 .rela.text.tcp_close_shutdown
                0x0000000000000000        0x0 /usr/local/xenon/lib/gcc/xenon/4.6.1/../../../../xenon/lib/../lib/crt1.o
 .rela.text.tcp_fasttmr
                0x0000000000000000        0x0 /usr/local/xenon/lib/gcc/xenon/4.6.1/../../../../xenon/lib/../lib/crt1.o
 .rela.text.tcp_next_iss
                0x0000000000000000        0x0 /usr/local/xenon/lib/gcc/xenon/4.6.1/../../../../xenon/lib/../lib/crt1.o
 .rela.text.tcp_alloc
                0x0000000000000000        0x0 /usr/local/xenon/lib/gcc/xenon/4.6.1/../../../../xenon/lib/../lib/crt1.o
 .rela.text.tcp_connect
                0x0000000000000000        0x0 /usr/local/xenon/lib/gcc/xenon/4.6.1/../../../../xenon/lib/../lib/crt1.o
 .rela.rodata.tcp_pcb_lists
                0x0000000000000000        0x0 /usr/local/xenon/lib/gcc/xenon/4.6.1/../../../../xenon/lib/../lib/crt1.o
 .rela.text.ip_route
                0x0000000000000000        0x0 /usr/local/xenon/lib/gcc/xenon/4.6.1/../../../../xenon/lib/../lib/crt1.o
 .rela.text.ip_input
                0x0000000000000000        0x0 /usr/local/xenon/lib/gcc/xenon/4.6.1/../../../../xenon/lib/../lib/crt1.o
 .rela.text.ip_output_if
                0x0000000000000000        0x0 /usr/local/xenon/lib/gcc/xenon/4.6.1/../../../../xenon/lib/../lib/crt1.o
 .rela.text.ip_output
                0x0000000000000000        0x0 /usr/local/xenon/lib/gcc/xenon/4.6.1/../../../../xenon/lib/../lib/crt1.o
 .rela.text.ip_reass
                0x0000000000000000        0x0 /usr/local/xenon/lib/gcc/xenon/4.6.1/../../../../xenon/lib/../lib/crt1.o
 .rela.text.ip_frag
                0x0000000000000000        0x0 /usr/local/xenon/lib/gcc/xenon/4.6.1/../../../../xenon/lib/../lib/crt1.o
 .rela.text.tcp_create_segment
                0x0000000000000000        0x0 /usr/local/xenon/lib/gcc/xenon/4.6.1/../../../../xenon/lib/../lib/crt1.o
 .rela.text.tcp_write
                0x0000000000000000        0x0 /usr/local/xenon/lib/gcc/xenon/4.6.1/../../../../xenon/lib/../lib/crt1.o
 .rela.text.tcp_enqueue_flags
                0x0000000000000000        0x0 /usr/local/xenon/lib/gcc/xenon/4.6.1/../../../../xenon/lib/../lib/crt1.o
 .rela.text.tcp_output
                0x0000000000000000        0x0 /usr/local/xenon/lib/gcc/xenon/4.6.1/../../../../xenon/lib/../lib/crt1.o
 .rela.text.tcp_rst
                0x0000000000000000        0x0 /usr/local/xenon/lib/gcc/xenon/4.6.1/../../../../xenon/lib/../lib/crt1.o
 .rela.text.tcp_keepalive
                0x0000000000000000        0x0 /usr/local/xenon/lib/gcc/xenon/4.6.1/../../../../xenon/lib/../lib/crt1.o
 .rela.text.tcp_zero_window_probe
                0x0000000000000000        0x0 /usr/local/xenon/lib/gcc/xenon/4.6.1/../../../../xenon/lib/../lib/crt1.o
 .rela.text.udp_input
                0x0000000000000000        0x0 /usr/local/xenon/lib/gcc/xenon/4.6.1/../../../../xenon/lib/../lib/crt1.o
 .rela.text.udp_bind
                0x0000000000000000        0x0 /usr/local/xenon/lib/gcc/xenon/4.6.1/../../../../xenon/lib/../lib/crt1.o
 .rela.text.udp_sendto_if
                0x0000000000000000        0x0 /usr/local/xenon/lib/gcc/xenon/4.6.1/../../../../xenon/lib/../lib/crt1.o
 .rela.text.udp_sendto
                0x0000000000000000        0x0 /usr/local/xenon/lib/gcc/xenon/4.6.1/../../../../xenon/lib/../lib/crt1.o
 .rela.text.udp_connect
                0x0000000000000000        0x0 /usr/local/xenon/lib/gcc/xenon/4.6.1/../../../../xenon/lib/../lib/crt1.o
 .rela.text.udp_remove
                0x0000000000000000        0x0 /usr/local/xenon/lib/gcc/xenon/4.6.1/../../../../xenon/lib/../lib/crt1.o
 .rela.text.raw_input
                0x0000000000000000        0x0 /usr/local/xenon/lib/gcc/xenon/4.6.1/../../../../xenon/lib/../lib/crt1.o
 .rela.text.unlikely.tcp_receive
                0x0000000000000000        0x0 /usr/local/xenon/lib/gcc/xenon/4.6.1/../../../../xenon/lib/../lib/crt1.o
 .rela.text.tcp_input
                0x0000000000000000        0x0 /usr/local/xenon/lib/gcc/xenon/4.6.1/../../../../xenon/lib/../lib/crt1.o
 .rela.text.icmp_send_response.isra.0
                0x0000000000000000        0x0 /usr/local/xenon/lib/gcc/xenon/4.6.1/../../../../xenon/lib/../lib/crt1.o
 .rela.text.icmp_input
                0x0000000000000000        0x0 /usr/local/xenon/lib/gcc/xenon/4.6.1/../../../../xenon/lib/../lib/crt1.o

.gcc_except_table
 *(.gcc_except_table .gcc_except_table.*)
                0x000000008001bfa0                bss_start = .

.bss            0x000000008001bfa0    0x164e8
 *(.bss*)
 .bss.console_size
                0x000000008001bfa0        0x4 /usr/local/xenon/usr/lib/libxenon.a(console.o)
 .bss.offset_x  0x000000008001bfa4        0x4 /usr/local/xenon/usr/lib/libxenon.a(console.o)
 .bss.console_width
                0x000000008001bfa8        0x4 /usr/local/xenon/usr/lib/libxenon.a(console.o)
 .bss.offset_y  0x000000008001bfac        0x4 /usr/local/xenon/usr/lib/libxenon.a(console.o)
 .bss.console_fb
                0x000000008001bfb0        0x4 /usr/local/xenon/usr/lib/libxenon.a(console.o)
 .bss.console_height
                0x000000008001bfb4        0x4 /usr/local/xenon/usr/lib/libxenon.a(console.o)
 .bss.max_x     0x000000008001bfb8        0x4 /usr/local/xenon/usr/lib/libxenon.a(console.o)
 .bss.max_y     0x000000008001bfbc        0x4 /usr/local/xenon/usr/lib/libxenon.a(console.o)
 .bss.cursor_x  0x000000008001bfc0        0x4 /usr/local/xenon/usr/lib/libxenon.a(console.o)
 .bss.cursor_y  0x000000008001bfc4        0x4 /usr/local/xenon/usr/lib/libxenon.a(console.o)
 .bss.text      0x000000008001bfc8     0x1000 /usr/local/xenon/usr/lib/libxenon.a(c_except.o)
 .bss.userpagetable
                0x000000008001cfc8    0x10000 /usr/local/xenon/usr/lib/libxenon.a(vm.o)
                0x000000008001cfc8                userpagetable
 .bss.thread_state
                0x000000008002cfc8       0x18 /usr/local/xenon/usr/lib/libxenon.a(xenon_power.o)
 .bss.stack     0x000000008002cfe0     0x5000 /usr/local/xenon/usr/lib/libxenon.a(xenon_power.o)
 .bss.secured_settings
                0x0000000080031fe0      0x208 /usr/local/xenon/usr/lib/libxenon.a(xenon_config.o)
                0x0000000080031fe0                secured_settings
 .bss.xenon_config_initialized
                0x00000000800321e8        0x4 /usr/local/xenon/usr/lib/libxenon.a(xenon_config.o)
 .bss.xenos_current_mode
                0x00000000800321ec        0x4 /usr/local/xenon/usr/lib/libxenon.a(xenos.o)
 .bss.xenos_edid
                0x00000000800321f0        0x4 /usr/local/xenon/usr/lib/libxenon.a(xenos.o)
 .bss.sfc       0x00000000800321f4       0x44 /usr/local/xenon/usr/lib/libxenon.a(xenon_sfcx.o)
                0x00000000800321f4                sfc
 .bss           0x0000000080032238       0x14 /usr/local/xenon/lib/gcc/xenon/4.6.1/32/libgcc.a(unwind-dw2-fde-glibc.o)
 .bss           0x000000008003224c       0x28 /usr/local/xenon/xenon/lib/32/libc.a(lib_a-mallocr.o)
                0x000000008003224c                __malloc_current_mallinfo
 *fill*         0x0000000080032274        0x4 00
 COMMON         0x0000000080032278      0x210 /usr/local/xenon/usr/lib/libxenon.a(xenon_config.o)
                0x0000000080032278                pagebuf

.iplt           0x0000000080032490        0x0
 .iplt          0x0000000000000000        0x0 /usr/local/xenon/lib/gcc/xenon/4.6.1/../../../../xenon/lib/../lib/crt1.o

.sbss           0x0000000080032488       0x28
 *(.sbss*)
 .sbss          0x0000000000000000        0x0 /usr/local/xenon/lib/gcc/xenon/4.6.1/../../../../xenon/lib/../lib/crt1.o
 .sbss.isELF    0x0000000080032488        0x4 main.o
                0x0000000080032488                isELF
 .sbss.stdout_hook
                0x000000008003248c        0x4 /usr/local/xenon/usr/lib/libxenon.a(newlib.o)
                0x000000008003248c                stdout_hook
 .sbss          0x0000000080032490        0x4 /usr/local/xenon/usr/lib/libxenon.a(newlib.o)
                0x0000000080032490                heap_ptr
 .sbss.vm_segfault_handler
                0x0000000080032494        0x4 /usr/local/xenon/usr/lib/libxenon.a(vm.o)
                0x0000000080032494                vm_segfault_handler
 .sbss.xenos_is_hdmi
                0x0000000080032498        0x4 /usr/local/xenon/usr/lib/libxenon.a(xenos.o)
                0x0000000080032498                xenos_is_hdmi
 .sbss.xenos_id
                0x000000008003249c        0x4 /usr/local/xenon/usr/lib/libxenon.a(xenos.o)
                0x000000008003249c                xenos_id
 .sbss          0x00000000800324a0        0xc /usr/local/xenon/xenon/lib/32/libc.a(lib_a-mallocr.o)
                0x00000000800324a0                __malloc_max_total_mem
                0x00000000800324a4                __malloc_max_sbrked_mem
                0x00000000800324a8                __malloc_top_pad
 .sbss          0x00000000800324ac        0x4 /usr/local/xenon/xenon/lib/32/libc.a(lib_a-reent.o)
                0x00000000800324ac                errno
                0x00000000800324b0                bss_end = .
                0x00000000800324b0                heap_begin = .
                0x000000009e000000                . = 0x9e000000
                0x000000009e000000                __libc_stack_end = .
                0x000000009e000000                heap_end = .
                0x00000000a0000000                . = 0xa0000000
OUTPUT(/home/tyler/Desktop/Xbox-360-Homebrew/RemoteExecution/RemoteExecution.elf elf32-powerpc)

.debug_info     0x0000000000000000    0x2976e
 .debug_info    0x0000000000000000      0x106 /usr/local/xenon/lib/gcc/xenon/4.6.1/../../../../xenon/lib/../lib/crt1.o
 .debug_info    0x0000000000000106      0x18f main.o
 .debug_info    0x0000000000000295      0x5a0 /usr/local/xenon/usr/lib/libxenon.a(console.o)
 .debug_info    0x0000000000000835      0xff1 /usr/local/xenon/usr/lib/libxenon.a(newlib.o)
 .debug_info    0x0000000000001826      0x25f /usr/local/xenon/usr/lib/libxenon.a(c_except.o)
 .debug_info    0x0000000000001a85      0x3a2 /usr/local/xenon/usr/lib/libxenon.a(vm.o)
 .debug_info    0x0000000000001e27      0x942 /usr/local/xenon/usr/lib/libxenon.a(usbmain.o)
 .debug_info    0x0000000000002769      0x59d /usr/local/xenon/usr/lib/libxenon.a(xenon_smc.o)
 .debug_info    0x0000000000002d06      0xb5a /usr/local/xenon/usr/lib/libxenon.a(xenon_power.o)
 .debug_info    0x0000000000003860      0x114 /usr/local/xenon/usr/lib/libxenon.a(xenon_uart.o)
 .debug_info    0x0000000000003974      0x4f5 /usr/local/xenon/usr/lib/libxenon.a(xenon_config.o)
 .debug_info    0x0000000000003e69      0xd92 /usr/local/xenon/usr/lib/libxenon.a(xenos.o)
 .debug_info    0x0000000000004bfb      0x944 /usr/local/xenon/usr/lib/libxenon.a(xenos_edid.o)
 .debug_info    0x000000000000553f      0xbd1 /usr/local/xenon/usr/lib/libxenon.a(enet.o)
 .debug_info    0x0000000000006110      0x135 /usr/local/xenon/usr/lib/libxenon.a(io.o)
 .debug_info    0x0000000000006245      0x1a7 /usr/local/xenon/usr/lib/libxenon.a(time.o)
 .debug_info    0x00000000000063ec      0x158 /usr/local/xenon/usr/lib/libxenon.a(xenon_gpio.o)
 .debug_info    0x0000000000006544      0xf5d /usr/local/xenon/usr/lib/libxenon.a(xenon_sfcx.o)
 .debug_info    0x00000000000074a1       0x6f /usr/local/xenon/lib/gcc/xenon/4.6.1/32/libgcc.a(crtsavgpr.o)
 .debug_info    0x0000000000007510       0x70 /usr/local/xenon/lib/gcc/xenon/4.6.1/32/libgcc.a(crtresxgpr.o)
 .debug_info    0x0000000000007580     0x3508 /usr/local/xenon/lib/gcc/xenon/4.6.1/32/libgcc.a(unwind-dw2-fde-glibc.o)
 .debug_info    0x000000000000aa88       0x88 /usr/local/xenon/xenon/lib/32/libc.a(lib_a-abort.o)
 .debug_info    0x000000000000ab10      0x9e3 /usr/local/xenon/xenon/lib/32/libc.a(lib_a-assert.o)
 .debug_info    0x000000000000b4f3      0x965 /usr/local/xenon/xenon/lib/32/libc.a(lib_a-errno.o)
 .debug_info    0x000000000000be58      0x974 /usr/local/xenon/xenon/lib/32/libc.a(lib_a-exit.o)
 .debug_info    0x000000000000c7cc      0xa8e /usr/local/xenon/xenon/lib/32/libc.a(lib_a-fiprintf.o)
 .debug_info    0x000000000000d25a      0x966 /usr/local/xenon/xenon/lib/32/libc.a(lib_a-impure.o)
 .debug_info    0x000000000000dbc0      0x9a7 /usr/local/xenon/xenon/lib/32/libc.a(lib_a-malloc.o)
 .debug_info    0x000000000000e567      0xd6b /usr/local/xenon/xenon/lib/32/libc.a(lib_a-mallocr.o)
 .debug_info    0x000000000000f2d2      0x126 /usr/local/xenon/xenon/lib/32/libc.a(lib_a-memchr.o)
 .debug_info    0x000000000000f3f8      0x10e /usr/local/xenon/xenon/lib/32/libc.a(lib_a-memcmp.o)
 .debug_info    0x000000000000f506      0x13d /usr/local/xenon/xenon/lib/32/libc.a(lib_a-memcpy.o)
 .debug_info    0x000000000000f643      0x114 /usr/local/xenon/xenon/lib/32/libc.a(lib_a-memset.o)
 .debug_info    0x000000000000f757      0x980 /usr/local/xenon/xenon/lib/32/libc.a(lib_a-mlock.o)
 .debug_info    0x00000000000100d7      0xa70 /usr/local/xenon/xenon/lib/32/libc.a(lib_a-printf.o)
 .debug_info    0x0000000000010b47      0x9ac /usr/local/xenon/xenon/lib/32/libc.a(lib_a-putchar.o)
 .debug_info    0x00000000000114f3      0x9f7 /usr/local/xenon/xenon/lib/32/libc.a(lib_a-putc.o)
 .debug_info    0x0000000000011eea      0xa5d /usr/local/xenon/xenon/lib/32/libc.a(lib_a-puts.o)
 .debug_info    0x0000000000012947      0x9ac /usr/local/xenon/xenon/lib/32/libc.a(lib_a-sbrkr.o)
 .debug_info    0x00000000000132f3      0xb5b /usr/local/xenon/xenon/lib/32/libc.a(lib_a-signal.o)
 .debug_info    0x0000000000013e4e      0x9e5 /usr/local/xenon/xenon/lib/32/libc.a(lib_a-signalr.o)
 .debug_info    0x0000000000014833      0xaaf /usr/local/xenon/xenon/lib/32/libc.a(lib_a-sprintf.o)
 .debug_info    0x00000000000152e2       0xe6 /usr/local/xenon/xenon/lib/32/libc.a(lib_a-strcat.o)
 .debug_info    0x00000000000153c8       0xda /usr/local/xenon/xenon/lib/32/libc.a(lib_a-strcmp.o)
 .debug_info    0x00000000000154a2      0x10b /usr/local/xenon/xenon/lib/32/libc.a(lib_a-strcpy.o)
 .debug_info    0x00000000000155ad       0xda /usr/local/xenon/xenon/lib/32/libc.a(lib_a-strlen.o)
 .debug_info    0x0000000000015687     0x10d9 /usr/local/xenon/xenon/lib/32/libc.a(lib_a-svfprintf.o)
 .debug_info    0x0000000000016760      0xef7 /usr/local/xenon/xenon/lib/32/libc.a(lib_a-vfiprintf.o)
 .debug_info    0x0000000000017657     0x120e /usr/local/xenon/xenon/lib/32/libc.a(lib_a-vfprintf.o)
 .debug_info    0x0000000000018865      0x9e6 /usr/local/xenon/xenon/lib/32/libc.a(lib_a-wbuf.o)
 .debug_info    0x000000000001924b      0x992 /usr/local/xenon/xenon/lib/32/libc.a(lib_a-wsetup.o)
 .debug_info    0x0000000000019bdd      0x9fc /usr/local/xenon/xenon/lib/32/libc.a(lib_a-__call_atexit.o)
 .debug_info    0x000000000001a5d9      0xdcf /usr/local/xenon/xenon/lib/32/libc.a(lib_a-dtoa.o)
 .debug_info    0x000000000001b3a8      0xa41 /usr/local/xenon/xenon/lib/32/libc.a(lib_a-fflush.o)
 .debug_info    0x000000000001bde9      0xbe6 /usr/local/xenon/xenon/lib/32/libc.a(lib_a-findfp.o)
 .debug_info    0x000000000001c9cf      0xc40 /usr/local/xenon/xenon/lib/32/libc.a(lib_a-freer.o)
 .debug_info    0x000000000001d60f      0xab3 /usr/local/xenon/xenon/lib/32/libc.a(lib_a-fvwrite.o)
 .debug_info    0x000000000001e0c2      0xb32 /usr/local/xenon/xenon/lib/32/libc.a(lib_a-fwalk.o)
 .debug_info    0x000000000001ebf4      0xbcd /usr/local/xenon/xenon/lib/32/libc.a(lib_a-locale.o)
 .debug_info    0x000000000001f7c1      0xb45 /usr/local/xenon/xenon/lib/32/libc.a(lib_a-makebuf.o)
 .debug_info    0x0000000000020306      0x13d /usr/local/xenon/xenon/lib/32/libc.a(lib_a-memmove.o)
 .debug_info    0x0000000000020443     0x1466 /usr/local/xenon/xenon/lib/32/libc.a(lib_a-mprec.o)
 .debug_info    0x00000000000218a9      0xc08 /usr/local/xenon/xenon/lib/32/libc.a(lib_a-reallocr.o)
 .debug_info    0x00000000000224b1      0xa60 /usr/local/xenon/xenon/lib/32/libc.a(lib_a-reent.o)
 .debug_info    0x0000000000022f11      0x150 /usr/local/xenon/xenon/lib/32/libc.a(lib_a-s_isinfd.o)
 .debug_info    0x0000000000023061      0x150 /usr/local/xenon/xenon/lib/32/libc.a(lib_a-s_isnand.o)
 .debug_info    0x00000000000231b1      0xae5 /usr/local/xenon/xenon/lib/32/libc.a(lib_a-stdio.o)
 .debug_info    0x0000000000023c96      0x9c7 /usr/local/xenon/xenon/lib/32/libc.a(lib_a-writer.o)
 .debug_info    0x000000000002465d      0xa4e /usr/local/xenon/xenon/lib/32/libc.a(lib_a-callocr.o)
 .debug_info    0x00000000000250ab      0x98c /usr/local/xenon/xenon/lib/32/libc.a(lib_a-closer.o)
 .debug_info    0x0000000000025a37      0x9cc /usr/local/xenon/xenon/lib/32/libc.a(lib_a-fclose.o)
 .debug_info    0x0000000000026403      0xb30 /usr/local/xenon/xenon/lib/32/libc.a(lib_a-fstatr.o)
 .debug_info    0x0000000000026f33      0x98c /usr/local/xenon/xenon/lib/32/libc.a(lib_a-isattyr.o)
 .debug_info    0x00000000000278bf      0x9b5 /usr/local/xenon/xenon/lib/32/libc.a(lib_a-lseekr.o)
 .debug_info    0x0000000000028274      0x9c0 /usr/local/xenon/xenon/lib/32/libc.a(lib_a-readr.o)
 .debug_info    0x0000000000028c34      0x59d /usr/local/xenon/lib/gcc/xenon/4.6.1/32/libgcc.a(_udivdi3.o)
 .debug_info    0x00000000000291d1      0x59d /usr/local/xenon/lib/gcc/xenon/4.6.1/32/libgcc.a(_umoddi3.o)

.debug_abbrev   0x0000000000000000     0x7c2f
 .debug_abbrev  0x0000000000000000       0xa7 /usr/local/xenon/lib/gcc/xenon/4.6.1/../../../../xenon/lib/../lib/crt1.o
 .debug_abbrev  0x00000000000000a7       0xf4 main.o
 .debug_abbrev  0x000000000000019b      0x20e /usr/local/xenon/usr/lib/libxenon.a(console.o)
 .debug_abbrev  0x00000000000003a9      0x2d4 /usr/local/xenon/usr/lib/libxenon.a(newlib.o)
 .debug_abbrev  0x000000000000067d      0x175 /usr/local/xenon/usr/lib/libxenon.a(c_except.o)
 .debug_abbrev  0x00000000000007f2      0x192 /usr/local/xenon/usr/lib/libxenon.a(vm.o)
 .debug_abbrev  0x0000000000000984      0x1f0 /usr/local/xenon/usr/lib/libxenon.a(usbmain.o)
 .debug_abbrev  0x0000000000000b74      0x1da /usr/local/xenon/usr/lib/libxenon.a(xenon_smc.o)
 .debug_abbrev  0x0000000000000d4e      0x32f /usr/local/xenon/usr/lib/libxenon.a(xenon_power.o)
 .debug_abbrev  0x000000000000107d       0xa7 /usr/local/xenon/usr/lib/libxenon.a(xenon_uart.o)
 .debug_abbrev  0x0000000000001124      0x172 /usr/local/xenon/usr/lib/libxenon.a(xenon_config.o)
 .debug_abbrev  0x0000000000001296      0x274 /usr/local/xenon/usr/lib/libxenon.a(xenos.o)
 .debug_abbrev  0x000000000000150a      0x277 /usr/local/xenon/usr/lib/libxenon.a(xenos_edid.o)
 .debug_abbrev  0x0000000000001781      0x32d /usr/local/xenon/usr/lib/libxenon.a(enet.o)
 .debug_abbrev  0x0000000000001aae       0xab /usr/local/xenon/usr/lib/libxenon.a(io.o)
 .debug_abbrev  0x0000000000001b59       0xf9 /usr/local/xenon/usr/lib/libxenon.a(time.o)
 .debug_abbrev  0x0000000000001c52       0xb3 /usr/local/xenon/usr/lib/libxenon.a(xenon_gpio.o)
 .debug_abbrev  0x0000000000001d05      0x384 /usr/local/xenon/usr/lib/libxenon.a(xenon_sfcx.o)
 .debug_abbrev  0x0000000000002089       0x14 /usr/local/xenon/lib/gcc/xenon/4.6.1/32/libgcc.a(crtsavgpr.o)
 .debug_abbrev  0x000000000000209d       0x14 /usr/local/xenon/lib/gcc/xenon/4.6.1/32/libgcc.a(crtresxgpr.o)
 .debug_abbrev  0x00000000000020b1      0x436 /usr/local/xenon/lib/gcc/xenon/4.6.1/32/libgcc.a(unwind-dw2-fde-glibc.o)
 .debug_abbrev  0x00000000000024e7       0x3f /usr/local/xenon/xenon/lib/32/libc.a(lib_a-abort.o)
 .debug_abbrev  0x0000000000002526      0x17d /usr/local/xenon/xenon/lib/32/libc.a(lib_a-assert.o)
 .debug_abbrev  0x00000000000026a3      0x16e /usr/local/xenon/xenon/lib/32/libc.a(lib_a-errno.o)
 .debug_abbrev  0x0000000000002811      0x17d /usr/local/xenon/xenon/lib/32/libc.a(lib_a-exit.o)
 .debug_abbrev  0x000000000000298e      0x1ac /usr/local/xenon/xenon/lib/32/libc.a(lib_a-fiprintf.o)
 .debug_abbrev  0x0000000000002b3a      0x166 /usr/local/xenon/xenon/lib/32/libc.a(lib_a-impure.o)
 .debug_abbrev  0x0000000000002ca0      0x196 /usr/local/xenon/xenon/lib/32/libc.a(lib_a-malloc.o)
 .debug_abbrev  0x0000000000002e36      0x233 /usr/local/xenon/xenon/lib/32/libc.a(lib_a-mallocr.o)
 .debug_abbrev  0x0000000000003069       0xb7 /usr/local/xenon/xenon/lib/32/libc.a(lib_a-memchr.o)
 .debug_abbrev  0x0000000000003120       0x8b /usr/local/xenon/xenon/lib/32/libc.a(lib_a-memcmp.o)
 .debug_abbrev  0x00000000000031ab       0xa8 /usr/local/xenon/xenon/lib/32/libc.a(lib_a-memcpy.o)
 .debug_abbrev  0x0000000000003253       0x9c /usr/local/xenon/xenon/lib/32/libc.a(lib_a-memset.o)
 .debug_abbrev  0x00000000000032ef      0x179 /usr/local/xenon/xenon/lib/32/libc.a(lib_a-mlock.o)
 .debug_abbrev  0x0000000000003468      0x1bb /usr/local/xenon/xenon/lib/32/libc.a(lib_a-printf.o)
 .debug_abbrev  0x0000000000003623      0x198 /usr/local/xenon/xenon/lib/32/libc.a(lib_a-putchar.o)
 .debug_abbrev  0x00000000000037bb      0x1a7 /usr/local/xenon/xenon/lib/32/libc.a(lib_a-putc.o)
 .debug_abbrev  0x0000000000003962      0x1bb /usr/local/xenon/xenon/lib/32/libc.a(lib_a-puts.o)
 .debug_abbrev  0x0000000000003b1d      0x1b0 /usr/local/xenon/xenon/lib/32/libc.a(lib_a-sbrkr.o)
 .debug_abbrev  0x0000000000003ccd      0x21f /usr/local/xenon/xenon/lib/32/libc.a(lib_a-signal.o)
 .debug_abbrev  0x0000000000003eec      0x1a4 /usr/local/xenon/xenon/lib/32/libc.a(lib_a-signalr.o)
 .debug_abbrev  0x0000000000004090      0x1ac /usr/local/xenon/xenon/lib/32/libc.a(lib_a-sprintf.o)
 .debug_abbrev  0x000000000000423c       0x87 /usr/local/xenon/xenon/lib/32/libc.a(lib_a-strcat.o)
 .debug_abbrev  0x00000000000042c3       0x71 /usr/local/xenon/xenon/lib/32/libc.a(lib_a-strcmp.o)
 .debug_abbrev  0x0000000000004334       0x8f /usr/local/xenon/xenon/lib/32/libc.a(lib_a-strcpy.o)
 .debug_abbrev  0x00000000000043c3       0x7e /usr/local/xenon/xenon/lib/32/libc.a(lib_a-strlen.o)
 .debug_abbrev  0x0000000000004441      0x333 /usr/local/xenon/xenon/lib/32/libc.a(lib_a-svfprintf.o)
 .debug_abbrev  0x0000000000004774      0x2d1 /usr/local/xenon/xenon/lib/32/libc.a(lib_a-vfiprintf.o)
 .debug_abbrev  0x0000000000004a45      0x349 /usr/local/xenon/xenon/lib/32/libc.a(lib_a-vfprintf.o)
 .debug_abbrev  0x0000000000004d8e      0x1a7 /usr/local/xenon/xenon/lib/32/libc.a(lib_a-wbuf.o)
 .debug_abbrev  0x0000000000004f35      0x17f /usr/local/xenon/xenon/lib/32/libc.a(lib_a-wsetup.o)
 .debug_abbrev  0x00000000000050b4      0x1bc /usr/local/xenon/xenon/lib/32/libc.a(lib_a-__call_atexit.o)
 .debug_abbrev  0x0000000000005270      0x21a /usr/local/xenon/xenon/lib/32/libc.a(lib_a-dtoa.o)
 .debug_abbrev  0x000000000000548a      0x1d5 /usr/local/xenon/xenon/lib/32/libc.a(lib_a-fflush.o)
 .debug_abbrev  0x000000000000565f      0x269 /usr/local/xenon/xenon/lib/32/libc.a(lib_a-findfp.o)
 .debug_abbrev  0x00000000000058c8      0x1ea /usr/local/xenon/xenon/lib/32/libc.a(lib_a-freer.o)
 .debug_abbrev  0x0000000000005ab2      0x1a5 /usr/local/xenon/xenon/lib/32/libc.a(lib_a-fvwrite.o)
 .debug_abbrev  0x0000000000005c57      0x20e /usr/local/xenon/xenon/lib/32/libc.a(lib_a-fwalk.o)
 .debug_abbrev  0x0000000000005e65      0x1f8 /usr/local/xenon/xenon/lib/32/libc.a(lib_a-locale.o)
 .debug_abbrev  0x000000000000605d      0x199 /usr/local/xenon/xenon/lib/32/libc.a(lib_a-makebuf.o)
 .debug_abbrev  0x00000000000061f6       0xa8 /usr/local/xenon/xenon/lib/32/libc.a(lib_a-memmove.o)
 .debug_abbrev  0x000000000000629e      0x2c6 /usr/local/xenon/xenon/lib/32/libc.a(lib_a-mprec.o)
 .debug_abbrev  0x0000000000006564      0x1db /usr/local/xenon/xenon/lib/32/libc.a(lib_a-reallocr.o)
 .debug_abbrev  0x000000000000673f      0x1f3 /usr/local/xenon/xenon/lib/32/libc.a(lib_a-reent.o)
 .debug_abbrev  0x0000000000006932       0xd6 /usr/local/xenon/xenon/lib/32/libc.a(lib_a-s_isinfd.o)
 .debug_abbrev  0x0000000000006a08       0xd6 /usr/local/xenon/xenon/lib/32/libc.a(lib_a-s_isnand.o)
 .debug_abbrev  0x0000000000006ade      0x1b2 /usr/local/xenon/xenon/lib/32/libc.a(lib_a-stdio.o)
 .debug_abbrev  0x0000000000006c90      0x193 /usr/local/xenon/xenon/lib/32/libc.a(lib_a-writer.o)
 .debug_abbrev  0x0000000000006e23      0x1ba /usr/local/xenon/xenon/lib/32/libc.a(lib_a-callocr.o)
 .debug_abbrev  0x0000000000006fdd      0x18e /usr/local/xenon/xenon/lib/32/libc.a(lib_a-closer.o)
 .debug_abbrev  0x000000000000716b      0x1b6 /usr/local/xenon/xenon/lib/32/libc.a(lib_a-fclose.o)
 .debug_abbrev  0x0000000000007321      0x19d /usr/local/xenon/xenon/lib/32/libc.a(lib_a-fstatr.o)
 .debug_abbrev  0x00000000000074be      0x18e /usr/local/xenon/xenon/lib/32/libc.a(lib_a-isattyr.o)
 .debug_abbrev  0x000000000000764c      0x19d /usr/local/xenon/xenon/lib/32/libc.a(lib_a-lseekr.o)
 .debug_abbrev  0x00000000000077e9      0x18e /usr/local/xenon/xenon/lib/32/libc.a(lib_a-readr.o)
 .debug_abbrev  0x0000000000007977      0x15a /usr/local/xenon/lib/gcc/xenon/4.6.1/32/libgcc.a(_udivdi3.o)
 .debug_abbrev  0x0000000000007ad1      0x15e /usr/local/xenon/lib/gcc/xenon/4.6.1/32/libgcc.a(_umoddi3.o)

.debug_loc      0x0000000000000000    0x148e2
 .debug_loc     0x0000000000000000       0x5f /usr/local/xenon/lib/gcc/xenon/4.6.1/../../../../xenon/lib/../lib/crt1.o
 .debug_loc     0x000000000000005f       0xf1 main.o
 .debug_loc     0x0000000000000150      0x295 /usr/local/xenon/usr/lib/libxenon.a(console.o)
 .debug_loc     0x00000000000003e5      0xa0e /usr/local/xenon/usr/lib/libxenon.a(newlib.o)
 .debug_loc     0x0000000000000df3      0x11e /usr/local/xenon/usr/lib/libxenon.a(c_except.o)
 .debug_loc     0x0000000000000f11      0x259 /usr/local/xenon/usr/lib/libxenon.a(vm.o)
 .debug_loc     0x000000000000116a      0x10c /usr/local/xenon/usr/lib/libxenon.a(usbmain.o)
 .debug_loc     0x0000000000001276      0x555 /usr/local/xenon/usr/lib/libxenon.a(xenon_smc.o)
 .debug_loc     0x00000000000017cb      0x322 /usr/local/xenon/usr/lib/libxenon.a(xenon_power.o)
 .debug_loc     0x0000000000001aed       0xb0 /usr/local/xenon/usr/lib/libxenon.a(xenon_uart.o)
 .debug_loc     0x0000000000001b9d      0x106 /usr/local/xenon/usr/lib/libxenon.a(xenon_config.o)
 .debug_loc     0x0000000000001ca3      0x6a3 /usr/local/xenon/usr/lib/libxenon.a(xenos.o)
 .debug_loc     0x0000000000002346      0x4da /usr/local/xenon/usr/lib/libxenon.a(xenos_edid.o)
 .debug_loc     0x0000000000002820      0x4b4 /usr/local/xenon/usr/lib/libxenon.a(enet.o)
 .debug_loc     0x0000000000002cd4       0x26 /usr/local/xenon/usr/lib/libxenon.a(io.o)
 .debug_loc     0x0000000000002cfa       0x85 /usr/local/xenon/usr/lib/libxenon.a(time.o)
 .debug_loc     0x0000000000002d7f      0x14f /usr/local/xenon/usr/lib/libxenon.a(xenon_gpio.o)
 .debug_loc     0x0000000000002ece      0x964 /usr/local/xenon/usr/lib/libxenon.a(xenon_sfcx.o)
 .debug_loc     0x0000000000003832     0x1f66 /usr/local/xenon/lib/gcc/xenon/4.6.1/32/libgcc.a(unwind-dw2-fde-glibc.o)
 .debug_loc     0x0000000000005798       0x20 /usr/local/xenon/xenon/lib/32/libc.a(lib_a-abort.o)
 .debug_loc     0x00000000000057b8      0x11d /usr/local/xenon/xenon/lib/32/libc.a(lib_a-assert.o)
 .debug_loc     0x00000000000058d5       0x2c /usr/local/xenon/xenon/lib/32/libc.a(lib_a-errno.o)
 .debug_loc     0x0000000000005901       0x3e /usr/local/xenon/xenon/lib/32/libc.a(lib_a-exit.o)
 .debug_loc     0x000000000000593f       0xe5 /usr/local/xenon/xenon/lib/32/libc.a(lib_a-fiprintf.o)
 .debug_loc     0x0000000000005a24       0x94 /usr/local/xenon/xenon/lib/32/libc.a(lib_a-malloc.o)
 .debug_loc     0x0000000000005ab8      0xa48 /usr/local/xenon/xenon/lib/32/libc.a(lib_a-mallocr.o)
 .debug_loc     0x0000000000006500      0x157 /usr/local/xenon/xenon/lib/32/libc.a(lib_a-memchr.o)
 .debug_loc     0x0000000000006657       0xe4 /usr/local/xenon/xenon/lib/32/libc.a(lib_a-memcmp.o)
 .debug_loc     0x000000000000673b      0x1c3 /usr/local/xenon/xenon/lib/32/libc.a(lib_a-memcpy.o)
 .debug_loc     0x00000000000068fe      0x1a6 /usr/local/xenon/xenon/lib/32/libc.a(lib_a-memset.o)
 .debug_loc     0x0000000000006aa4       0xbd /usr/local/xenon/xenon/lib/32/libc.a(lib_a-printf.o)
 .debug_loc     0x0000000000006b61       0x9c /usr/local/xenon/xenon/lib/32/libc.a(lib_a-putchar.o)
 .debug_loc     0x0000000000006bfd      0x1ca /usr/local/xenon/xenon/lib/32/libc.a(lib_a-putc.o)
 .debug_loc     0x0000000000006dc7       0xf5 /usr/local/xenon/xenon/lib/32/libc.a(lib_a-puts.o)
 .debug_loc     0x0000000000006ebc       0x80 /usr/local/xenon/xenon/lib/32/libc.a(lib_a-sbrkr.o)
 .debug_loc     0x0000000000006f3c      0x432 /usr/local/xenon/xenon/lib/32/libc.a(lib_a-signal.o)
 .debug_loc     0x000000000000736e       0xdd /usr/local/xenon/xenon/lib/32/libc.a(lib_a-signalr.o)
 .debug_loc     0x000000000000744b      0x115 /usr/local/xenon/xenon/lib/32/libc.a(lib_a-sprintf.o)
 .debug_loc     0x0000000000007560       0xa4 /usr/local/xenon/xenon/lib/32/libc.a(lib_a-strcat.o)
 .debug_loc     0x0000000000007604       0xec /usr/local/xenon/xenon/lib/32/libc.a(lib_a-strcmp.o)
 .debug_loc     0x00000000000076f0       0xb9 /usr/local/xenon/xenon/lib/32/libc.a(lib_a-strcpy.o)
 .debug_loc     0x00000000000077a9       0xd6 /usr/local/xenon/xenon/lib/32/libc.a(lib_a-strlen.o)
 .debug_loc     0x000000000000787f     0x2149 /usr/local/xenon/xenon/lib/32/libc.a(lib_a-svfprintf.o)
 .debug_loc     0x00000000000099c8     0x1038 /usr/local/xenon/xenon/lib/32/libc.a(lib_a-vfiprintf.o)
 .debug_loc     0x000000000000aa00     0x209f /usr/local/xenon/xenon/lib/32/libc.a(lib_a-vfprintf.o)
 .debug_loc     0x000000000000ca9f      0x171 /usr/local/xenon/xenon/lib/32/libc.a(lib_a-wbuf.o)
 .debug_loc     0x000000000000cc10       0x8a /usr/local/xenon/xenon/lib/32/libc.a(lib_a-wsetup.o)
 .debug_loc     0x000000000000cc9a      0x1d7 /usr/local/xenon/xenon/lib/32/libc.a(lib_a-__call_atexit.o)
 .debug_loc     0x000000000000ce71     0x1f04 /usr/local/xenon/xenon/lib/32/libc.a(lib_a-dtoa.o)
 .debug_loc     0x000000000000ed75      0x241 /usr/local/xenon/xenon/lib/32/libc.a(lib_a-fflush.o)
 .debug_loc     0x000000000000efb6      0x321 /usr/local/xenon/xenon/lib/32/libc.a(lib_a-findfp.o)
 .debug_loc     0x000000000000f2d7      0x3e7 /usr/local/xenon/xenon/lib/32/libc.a(lib_a-freer.o)
 .debug_loc     0x000000000000f6be      0x54f /usr/local/xenon/xenon/lib/32/libc.a(lib_a-fvwrite.o)
 .debug_loc     0x000000000000fc0d      0x29c /usr/local/xenon/xenon/lib/32/libc.a(lib_a-fwalk.o)
 .debug_loc     0x000000000000fea9      0x1b2 /usr/local/xenon/xenon/lib/32/libc.a(lib_a-locale.o)
 .debug_loc     0x000000000001005b      0x19f /usr/local/xenon/xenon/lib/32/libc.a(lib_a-makebuf.o)
 .debug_loc     0x00000000000101fa      0x28a /usr/local/xenon/xenon/lib/32/libc.a(lib_a-memmove.o)
 .debug_loc     0x0000000000010484     0x1a81 /usr/local/xenon/xenon/lib/32/libc.a(lib_a-mprec.o)
 .debug_loc     0x0000000000011f05      0xca9 /usr/local/xenon/xenon/lib/32/libc.a(lib_a-reallocr.o)
 .debug_loc     0x0000000000012bae      0x226 /usr/local/xenon/xenon/lib/32/libc.a(lib_a-reent.o)
 .debug_loc     0x0000000000012dd4       0x60 /usr/local/xenon/xenon/lib/32/libc.a(lib_a-s_isinfd.o)
 .debug_loc     0x0000000000012e34       0x65 /usr/local/xenon/xenon/lib/32/libc.a(lib_a-s_isnand.o)
 .debug_loc     0x0000000000012e99      0x29c /usr/local/xenon/xenon/lib/32/libc.a(lib_a-stdio.o)
 .debug_loc     0x0000000000013135       0xbc /usr/local/xenon/xenon/lib/32/libc.a(lib_a-writer.o)
 .debug_loc     0x00000000000131f1      0x1c7 /usr/local/xenon/xenon/lib/32/libc.a(lib_a-callocr.o)
 .debug_loc     0x00000000000133b8       0x80 /usr/local/xenon/xenon/lib/32/libc.a(lib_a-closer.o)
 .debug_loc     0x0000000000013438      0x12b /usr/local/xenon/xenon/lib/32/libc.a(lib_a-fclose.o)
 .debug_loc     0x0000000000013563       0x9e /usr/local/xenon/xenon/lib/32/libc.a(lib_a-fstatr.o)
 .debug_loc     0x0000000000013601       0x80 /usr/local/xenon/xenon/lib/32/libc.a(lib_a-isattyr.o)
 .debug_loc     0x0000000000013681       0xbc /usr/local/xenon/xenon/lib/32/libc.a(lib_a-lseekr.o)
 .debug_loc     0x000000000001373d       0xbc /usr/local/xenon/xenon/lib/32/libc.a(lib_a-readr.o)
 .debug_loc     0x00000000000137f9      0x805 /usr/local/xenon/lib/gcc/xenon/4.6.1/32/libgcc.a(_udivdi3.o)
 .debug_loc     0x0000000000013ffe      0x8e4 /usr/local/xenon/lib/gcc/xenon/4.6.1/32/libgcc.a(_umoddi3.o)

.debug_aranges  0x0000000000000000      0xd98
 .debug_aranges
                0x0000000000000000       0x28 /usr/local/xenon/lib/gcc/xenon/4.6.1/../../../../xenon/lib/../lib/crt1.o
 .debug_aranges
                0x0000000000000028       0x30 main.o
 .debug_aranges
                0x0000000000000058       0x68 /usr/local/xenon/usr/lib/libxenon.a(console.o)
 .debug_aranges
                0x00000000000000c0       0xf0 /usr/local/xenon/usr/lib/libxenon.a(newlib.o)
 .debug_aranges
                0x00000000000001b0       0x28 /usr/local/xenon/usr/lib/libxenon.a(c_except.o)
 .debug_aranges
                0x00000000000001d8       0x40 /usr/local/xenon/usr/lib/libxenon.a(vm.o)
 .debug_aranges
                0x0000000000000218       0x38 /usr/local/xenon/usr/lib/libxenon.a(usbmain.o)
 .debug_aranges
                0x0000000000000250       0xb0 /usr/local/xenon/usr/lib/libxenon.a(xenon_smc.o)
 .debug_aranges
                0x0000000000000300       0x78 /usr/local/xenon/usr/lib/libxenon.a(xenon_power.o)
 .debug_aranges
                0x0000000000000378       0x38 /usr/local/xenon/usr/lib/libxenon.a(xenon_uart.o)
 .debug_aranges
                0x00000000000003b0       0x38 /usr/local/xenon/usr/lib/libxenon.a(xenon_config.o)
 .debug_aranges
                0x00000000000003e8       0x80 /usr/local/xenon/usr/lib/libxenon.a(xenos.o)
 .debug_aranges